Archive member included to satisfy reference by file (symbol)

c:/st/stm32cubeide_1.3.0/stm32cubeide/plugins/com.st.stm32cube.ide.mcu.externaltools.gnu-tools-for-stm32.7-2018-q2-update.win32_1.4.0.202007081208/tools/bin/../lib/gcc/arm-none-eabi/7.3.1/../../../../arm-none-eabi/lib/thumb/v7-m\libc_nano.a(lib_a-errno.o)
                              Core/Src/syscalls.o (__errno)
c:/st/stm32cubeide_1.3.0/stm32cubeide/plugins/com.st.stm32cube.ide.mcu.externaltools.gnu-tools-for-stm32.7-2018-q2-update.win32_1.4.0.202007081208/tools/bin/../lib/gcc/arm-none-eabi/7.3.1/../../../../arm-none-eabi/lib/thumb/v7-m\libc_nano.a(lib_a-exit.o)
                              c:/st/stm32cubeide_1.3.0/stm32cubeide/plugins/com.st.stm32cube.ide.mcu.externaltools.gnu-tools-for-stm32.7-2018-q2-update.win32_1.4.0.202007081208/tools/bin/../lib/gcc/arm-none-eabi/7.3.1/../../../../arm-none-eabi/lib/thumb/v7-m/crt0.o (exit)
c:/st/stm32cubeide_1.3.0/stm32cubeide/plugins/com.st.stm32cube.ide.mcu.externaltools.gnu-tools-for-stm32.7-2018-q2-update.win32_1.4.0.202007081208/tools/bin/../lib/gcc/arm-none-eabi/7.3.1/../../../../arm-none-eabi/lib/thumb/v7-m\libc_nano.a(lib_a-impure.o)
                              c:/st/stm32cubeide_1.3.0/stm32cubeide/plugins/com.st.stm32cube.ide.mcu.externaltools.gnu-tools-for-stm32.7-2018-q2-update.win32_1.4.0.202007081208/tools/bin/../lib/gcc/arm-none-eabi/7.3.1/../../../../arm-none-eabi/lib/thumb/v7-m\libc_nano.a(lib_a-exit.o) (_global_impure_ptr)
c:/st/stm32cubeide_1.3.0/stm32cubeide/plugins/com.st.stm32cube.ide.mcu.externaltools.gnu-tools-for-stm32.7-2018-q2-update.win32_1.4.0.202007081208/tools/bin/../lib/gcc/arm-none-eabi/7.3.1/../../../../arm-none-eabi/lib/thumb/v7-m\libc_nano.a(lib_a-init.o)
                              c:/st/stm32cubeide_1.3.0/stm32cubeide/plugins/com.st.stm32cube.ide.mcu.externaltools.gnu-tools-for-stm32.7-2018-q2-update.win32_1.4.0.202007081208/tools/bin/../lib/gcc/arm-none-eabi/7.3.1/../../../../arm-none-eabi/lib/thumb/v7-m/crt0.o (__libc_init_array)
c:/st/stm32cubeide_1.3.0/stm32cubeide/plugins/com.st.stm32cube.ide.mcu.externaltools.gnu-tools-for-stm32.7-2018-q2-update.win32_1.4.0.202007081208/tools/bin/../lib/gcc/arm-none-eabi/7.3.1/../../../../arm-none-eabi/lib/thumb/v7-m\libc_nano.a(lib_a-memcpy-stub.o)
                              Middlewares/Third_Party/FreeRTOS/Source/queue.o (memcpy)
c:/st/stm32cubeide_1.3.0/stm32cubeide/plugins/com.st.stm32cube.ide.mcu.externaltools.gnu-tools-for-stm32.7-2018-q2-update.win32_1.4.0.202007081208/tools/bin/../lib/gcc/arm-none-eabi/7.3.1/../../../../arm-none-eabi/lib/thumb/v7-m\libc_nano.a(lib_a-memset.o)
                              c:/st/stm32cubeide_1.3.0/stm32cubeide/plugins/com.st.stm32cube.ide.mcu.externaltools.gnu-tools-for-stm32.7-2018-q2-update.win32_1.4.0.202007081208/tools/bin/../lib/gcc/arm-none-eabi/7.3.1/../../../../arm-none-eabi/lib/thumb/v7-m/crt0.o (memset)

Allocating common symbols
Common symbol       size              file

hUsbDeviceFS        0x2c4             USB_DEVICE/App/usb_device.o
defaultTaskHandle   0x4               Core/Src/main.o
htim4               0x40              Core/Src/stm32f1xx_hal_timebase_tim.o
uwTick              0x4               Drivers/STM32F1xx_HAL_Driver/Src/stm32f1xx_hal.o
xQueueRegistry      0x40              Middlewares/Third_Party/FreeRTOS/Source/queue.o
pFlash              0x20              Drivers/STM32F1xx_HAL_Driver/Src/stm32f1xx_hal_flash.o
UserRxBufferFS      0x3e8             USB_DEVICE/App/usbd_cdc_if.o
hadc1               0x30              Core/Src/main.o
UserTxBufferFS      0x3e8             USB_DEVICE/App/usbd_cdc_if.o
hdma_adc1           0x44              Core/Src/main.o
lfsr                0x4               Core/Src/PRNG_LFSR.o
hpcd_USB_FS         0x26c             USB_DEVICE/Target/usbd_conf.o
USBD_StrDesc        0x200             USB_DEVICE/App/usbd_desc.o

Discarded input sections

 .text          0x0000000000000000        0x0 c:/st/stm32cubeide_1.3.0/stm32cubeide/plugins/com.st.stm32cube.ide.mcu.externaltools.gnu-tools-for-stm32.7-2018-q2-update.win32_1.4.0.202007081208/tools/bin/../lib/gcc/arm-none-eabi/7.3.1/thumb/v7-m/crti.o
 .data          0x0000000000000000        0x0 c:/st/stm32cubeide_1.3.0/stm32cubeide/plugins/com.st.stm32cube.ide.mcu.externaltools.gnu-tools-for-stm32.7-2018-q2-update.win32_1.4.0.202007081208/tools/bin/../lib/gcc/arm-none-eabi/7.3.1/thumb/v7-m/crti.o
 .bss           0x0000000000000000        0x0 c:/st/stm32cubeide_1.3.0/stm32cubeide/plugins/com.st.stm32cube.ide.mcu.externaltools.gnu-tools-for-stm32.7-2018-q2-update.win32_1.4.0.202007081208/tools/bin/../lib/gcc/arm-none-eabi/7.3.1/thumb/v7-m/crti.o
 .data          0x0000000000000000        0x4 c:/st/stm32cubeide_1.3.0/stm32cubeide/plugins/com.st.stm32cube.ide.mcu.externaltools.gnu-tools-for-stm32.7-2018-q2-update.win32_1.4.0.202007081208/tools/bin/../lib/gcc/arm-none-eabi/7.3.1/thumb/v7-m/crtbegin.o
[...]
Memory Configuration

Name             Origin             Length             Attributes
RAM              0x0000000020000000 0x0000000000005000 xrw
FLASH            0x0000000008000000 0x0000000000010000 xr
*default*        0x0000000000000000 0xffffffffffffffff

Linker script and memory map

LOAD c:/st/stm32cubeide_1.3.0/stm32cubeide/plugins/com.st.stm32cube.ide.mcu.externaltools.gnu-tools-for-stm32.7-2018-q2-update.win32_1.4.0.202007081208/tools/bin/../lib/gcc/arm-none-eabi/7.3.1/thumb/v7-m/crti.o
LOAD c:/st/stm32cubeide_1.3.0/stm32cubeide/plugins/com.st.stm32cube.ide.mcu.externaltools.gnu-tools-for-stm32.7-2018-q2-update.win32_1.4.0.202007081208/tools/bin/../lib/gcc/arm-none-eabi/7.3.1/thumb/v7-m/crtbegin.o
LOAD c:/st/stm32cubeide_1.3.0/stm32cubeide/plugins/com.st.stm32cube.ide.mcu.externaltools.gnu-tools-for-stm32.7-2018-q2-update.win32_1.4.0.202007081208/tools/bin/../lib/gcc/arm-none-eabi/7.3.1/../../../../arm-none-eabi/lib/thumb/v7-m/crt0.o
LOAD Core/Src/NOKIA5110.o
LOAD Core/Src/PRNG_LFSR.o
LOAD Core/Src/atraso.o
LOAD Core/Src/freertos.o
LOAD Core/Src/main.o
LOAD Core/Src/pong.o
LOAD Core/Src/stm32f1xx_hal_msp.o
LOAD Core/Src/stm32f1xx_hal_timebase_tim.o
LOAD Core/Src/stm32f1xx_it.o
LOAD Core/Src/syscalls.o
LOAD Core/Src/sysmem.o
LOAD Core/Src/system_stm32f1xx.o
LOAD Core/Startup/startup_stm32f103c8tx.o
LOAD Drivers/STM32F1xx_HAL_Driver/Src/stm32f1xx_hal.o
LOAD Drivers/STM32F1xx_HAL_Driver/Src/stm32f1xx_hal_adc.o
LOAD Drivers/STM32F1xx_HAL_Driver/Src/stm32f1xx_hal_adc_ex.o
LOAD Drivers/STM32F1xx_HAL_Driver/Src/stm32f1xx_hal_cortex.o
LOAD Drivers/STM32F1xx_HAL_Driver/Src/stm32f1xx_hal_dma.o
LOAD Drivers/STM32F1xx_HAL_Driver/Src/stm32f1xx_hal_exti.o
LOAD Drivers/STM32F1xx_HAL_Driver/Src/stm32f1xx_hal_flash.o
LOAD Drivers/STM32F1xx_HAL_Driver/Src/stm32f1xx_hal_flash_ex.o
LOAD Drivers/STM32F1xx_HAL_Driver/Src/stm32f1xx_hal_gpio.o
LOAD Drivers/STM32F1xx_HAL_Driver/Src/stm32f1xx_hal_gpio_ex.o
LOAD Drivers/STM32F1xx_HAL_Driver/Src/stm32f1xx_hal_pcd.o
LOAD Drivers/STM32F1xx_HAL_Driver/Src/stm32f1xx_hal_pcd_ex.o
LOAD Drivers/STM32F1xx_HAL_Driver/Src/stm32f1xx_hal_pwr.o
LOAD Drivers/STM32F1xx_HAL_Driver/Src/stm32f1xx_hal_rcc.o
LOAD Drivers/STM32F1xx_HAL_Driver/Src/stm32f1xx_hal_rcc_ex.o
LOAD Drivers/STM32F1xx_HAL_Driver/Src/stm32f1xx_hal_tim.o
LOAD Drivers/STM32F1xx_HAL_Driver/Src/stm32f1xx_hal_tim_ex.o
LOAD Drivers/STM32F1xx_HAL_Driver/Src/stm32f1xx_ll_usb.o
LOAD Middlewares/ST/STM32_USB_Device_Library/Class/CDC/Src/usbd_cdc.o
LOAD Middlewares/ST/STM32_USB_Device_Library/Core/Src/usbd_core.o
LOAD Middlewares/ST/STM32_USB_Device_Library/Core/Src/usbd_ctlreq.o
LOAD Middlewares/ST/STM32_USB_Device_Library/Core/Src/usbd_ioreq.o
LOAD Middlewares/Third_Party/FreeRTOS/Source/CMSIS_RTOS/cmsis_os.o
LOAD Middlewares/Third_Party/FreeRTOS/Source/croutine.o
LOAD Middlewares/Third_Party/FreeRTOS/Source/event_groups.o
LOAD Middlewares/Third_Party/FreeRTOS/Source/list.o
LOAD Middlewares/Third_Party/FreeRTOS/Source/queue.o
LOAD Middlewares/Third_Party/FreeRTOS/Source/stream_buffer.o
LOAD Middlewares/Third_Party/FreeRTOS/Source/tasks.o
LOAD Middlewares/Third_Party/FreeRTOS/Source/timers.o
LOAD Middlewares/Third_Party/FreeRTOS/Source/portable/GCC/ARM_CM3/port.o
LOAD Middlewares/Third_Party/FreeRTOS/Source/portable/MemMang/heap_4.o
LOAD USB_DEVICE/App/usb_device.o
LOAD USB_DEVICE/App/usbd_cdc_if.o
LOAD USB_DEVICE/App/usbd_desc.o
LOAD USB_DEVICE/Target/usbd_conf.o
START GROUP
LOAD c:/st/stm32cubeide_1.3.0/stm32cubeide/plugins/com.st.stm32cube.ide.mcu.externaltools.gnu-tools-for-stm32.7-2018-q2-update.win32_1.4.0.202007081208/tools/bin/../lib/gcc/arm-none-eabi/7.3.1/../../../../arm-none-eabi/lib/thumb/v7-m\libc_nano.a
LOAD c:/st/stm32cubeide_1.3.0/stm32cubeide/plugins/com.st.stm32cube.ide.mcu.externaltools.gnu-tools-for-stm32.7-2018-q2-update.win32_1.4.0.202007081208/tools/bin/../lib/gcc/arm-none-eabi/7.3.1/../../../../arm-none-eabi/lib/thumb/v7-m\libm.a
END GROUP
START GROUP
LOAD c:/st/stm32cubeide_1.3.0/stm32cubeide/plugins/com.st.stm32cube.ide.mcu.externaltools.gnu-tools-for-stm32.7-2018-q2-update.win32_1.4.0.202007081208/tools/bin/../lib/gcc/arm-none-eabi/7.3.1/thumb/v7-m\libgcc.a
LOAD c:/st/stm32cubeide_1.3.0/stm32cubeide/plugins/com.st.stm32cube.ide.mcu.externaltools.gnu-tools-for-stm32.7-2018-q2-update.win32_1.4.0.202007081208/tools/bin/../lib/gcc/arm-none-eabi/7.3.1/../../../../arm-none-eabi/lib/thumb/v7-m\libc_nano.a
END GROUP
START GROUP
LOAD c:/st/stm32cubeide_1.3.0/stm32cubeide/plugins/com.st.stm32cube.ide.mcu.externaltools.gnu-tools-for-stm32.7-2018-q2-update.win32_1.4.0.202007081208/tools/bin/../lib/gcc/arm-none-eabi/7.3.1/thumb/v7-m\libgcc.a
LOAD c:/st/stm32cubeide_1.3.0/stm32cubeide/plugins/com.st.stm32cube.ide.mcu.externaltools.gnu-tools-for-stm32.7-2018-q2-update.win32_1.4.0.202007081208/tools/bin/../lib/gcc/arm-none-eabi/7.3.1/../../../../arm-none-eabi/lib/thumb/v7-m\libc_nano.a
LOAD c:/st/stm32cubeide_1.3.0/stm32cubeide/plugins/com.st.stm32cube.ide.mcu.externaltools.gnu-tools-for-stm32.7-2018-q2-update.win32_1.4.0.202007081208/tools/bin/../lib/gcc/arm-none-eabi/7.3.1/../../../../arm-none-eabi/lib/thumb/v7-m\libnosys.a
END GROUP
START GROUP
LOAD c:/st/stm32cubeide_1.3.0/stm32cubeide/plugins/com.st.stm32cube.ide.mcu.externaltools.gnu-tools-for-stm32.7-2018-q2-update.win32_1.4.0.202007081208/tools/bin/../lib/gcc/arm-none-eabi/7.3.1/thumb/v7-m\libgcc.a
LOAD c:/st/stm32cubeide_1.3.0/stm32cubeide/plugins/com.st.stm32cube.ide.mcu.externaltools.gnu-tools-for-stm32.7-2018-q2-update.win32_1.4.0.202007081208/tools/bin/../lib/gcc/arm-none-eabi/7.3.1/../../../../arm-none-eabi/lib/thumb/v7-m\libc_nano.a
LOAD c:/st/stm32cubeide_1.3.0/stm32cubeide/plugins/com.st.stm32cube.ide.mcu.externaltools.gnu-tools-for-stm32.7-2018-q2-update.win32_1.4.0.202007081208/tools/bin/../lib/gcc/arm-none-eabi/7.3.1/../../../../arm-none-eabi/lib/thumb/v7-m\libnosys.a
END GROUP
LOAD c:/st/stm32cubeide_1.3.0/stm32cubeide/plugins/com.st.stm32cube.ide.mcu.externaltools.gnu-tools-for-stm32.7-2018-q2-update.win32_1.4.0.202007081208/tools/bin/../lib/gcc/arm-none-eabi/7.3.1/thumb/v7-m/crtend.o
LOAD c:/st/stm32cubeide_1.3.0/stm32cubeide/plugins/com.st.stm32cube.ide.mcu.externaltools.gnu-tools-for-stm32.7-2018-q2-update.win32_1.4.0.202007081208/tools/bin/../lib/gcc/arm-none-eabi/7.3.1/thumb/v7-m/crtn.o
                0x0000000020005000                _estack = (ORIGIN (RAM) + LENGTH (RAM))
                0x0000000000000200                _Min_Heap_Size = 0x200
                0x0000000000000400                _Min_Stack_Size = 0x400

.isr_vector     0x0000000008000000      0x10c
                0x0000000008000000                . = ALIGN (0x4)
 *(.isr_vector)
 .isr_vector    0x0000000008000000      0x10c Core/Startup/startup_stm32f103c8tx.o
                0x0000000008000000                g_pfnVectors
                0x000000000800010c                . = ALIGN (0x4)

.text           0x0000000008000110     0x8748
                0x0000000008000110                . = ALIGN (0x4)
 *(.text)
 .text          0x0000000008000110       0x40 c:/st/stm32cubeide_1.3.0/stm32cubeide/plugins/com.st.stm32cube.ide.mcu.externaltools.gnu-tools-for-stm32.7-2018-q2-update.win32_1.4.0.202007081208/tools/bin/../lib/gcc/arm-none-eabi/7.3.1/thumb/v7-m/crtbegin.o
 *(.text*)
 .text.cmd_LCD  0x0000000008000150       0x8c Core/Src/NOKIA5110.o
                0x0000000008000150                cmd_LCD
 .text.data_LCD
                0x00000000080001dc       0x8c Core/Src/NOKIA5110.o
                0x00000000080001dc                data_LCD
 .text.inic_LCD
                0x0000000008000268       0x44 Core/Src/NOKIA5110.o
                0x0000000008000268                inic_LCD
 .text.goto_XY  0x00000000080002ac       0x3c Core/Src/NOKIA5110.o
                0x00000000080002ac                goto_XY
 .text.escreve2fb
                0x00000000080002e8       0x48 Core/Src/NOKIA5110.o
                0x00000000080002e8                escreve2fb
 .text.imprime_LCD
                0x0000000008000330       0x34 Core/Src/NOKIA5110.o
                0x0000000008000330                imprime_LCD
 .text.caractere_LCD
                0x0000000008000364       0x78 Core/Src/NOKIA5110.o
                0x0000000008000364                caractere_LCD
 .text.string_LCD
                0x00000000080003dc       0x28 Core/Src/NOKIA5110.o
                0x00000000080003dc                string_LCD
 .text.string_LCD_Nr
                0x0000000008000404       0xa8 Core/Src/NOKIA5110.o
                0x0000000008000404                string_LCD_Nr
 .text.limpa_LCD
                0x00000000080004ac       0x34 Core/Src/NOKIA5110.o
                0x00000000080004ac                limpa_LCD
 .text.desenha_pixel
                0x00000000080004e0       0x9c Core/Src/NOKIA5110.o
                0x00000000080004e0                desenha_pixel
 .text.desenha_linha
                0x000000000800057c      0x194 Core/Src/NOKIA5110.o
                0x000000000800057c                desenha_linha
 .text.desenha_circulo
                0x0000000008000710      0x244 Core/Src/NOKIA5110.o
                0x0000000008000710                desenha_circulo
 .text.atraso_us
                0x0000000008000954       0x22 Core/Src/atraso.o
                0x0000000008000954                atraso_us
 .text.atraso_ms
                0x0000000008000976       0x22 Core/Src/atraso.o
                0x0000000008000976                atraso_ms
 .text.vApplicationGetIdleTaskMemory
                0x0000000008000998       0x30 Core/Src/freertos.o
                0x0000000008000998                vApplicationGetIdleTaskMemory
 .text.vTask1   0x00000000080009c8       0xf0 Core/Src/main.o
                0x00000000080009c8                vTask1
 .text.main     0x0000000008000ab8       0xa0 Core/Src/main.o
                0x0000000008000ab8                main
 .text.SystemClock_Config
                0x0000000008000b58       0xbc Core/Src/main.o
                0x0000000008000b58                SystemClock_Config
 .text.MX_ADC1_Init
                0x0000000008000c14       0x7c Core/Src/main.o
 .text.MX_DMA_Init
                0x0000000008000c90       0x3c Core/Src/main.o
 .text.MX_GPIO_Init
                0x0000000008000ccc       0xf8 Core/Src/main.o
 .text.StartDefaultTask
                0x0000000008000dc4       0x14 Core/Src/main.o
                0x0000000008000dc4                StartDefaultTask
 .text.HAL_TIM_PeriodElapsedCallback
                0x0000000008000dd8       0x24 Core/Src/main.o
                0x0000000008000dd8                HAL_TIM_PeriodElapsedCallback
 .text.Error_Handler
                0x0000000008000dfc        0xc Core/Src/main.o
                0x0000000008000dfc                Error_Handler
 .text.intro    0x0000000008000e08       0x74 Core/Src/pong.o
                0x0000000008000e08                intro
 .text.espera_botao
                0x0000000008000e7c       0x38 Core/Src/pong.o
                0x0000000008000e7c                espera_botao
 .text.init_game
                0x0000000008000eb4       0x82 Core/Src/pong.o
                0x0000000008000eb4                init_game
 *fill*         0x0000000008000f36        0x2 
 .text.check_score
                0x0000000008000f38       0xc0 Core/Src/pong.o
                0x0000000008000f38                check_score
 .text.check_colisao
                0x0000000008000ff8       0x9e Core/Src/pong.o
                0x0000000008000ff8                check_colisao
 .text.move_bola
                0x0000000008001096      0x184 Core/Src/pong.o
                0x0000000008001096                move_bola
 .text.move_jogador0
                0x000000000800121a       0x4c Core/Src/pong.o
                0x000000000800121a                move_jogador0
 .text.move_jogador1
                0x0000000008001266       0xc6 Core/Src/pong.o
                0x0000000008001266                move_jogador1
 .text.HAL_MspInit
                0x000000000800132c       0x64 Core/Src/stm32f1xx_hal_msp.o
                0x000000000800132c                HAL_MspInit
 .text.HAL_ADC_MspInit
                0x0000000008001390       0xd0 Core/Src/stm32f1xx_hal_msp.o
                0x0000000008001390                HAL_ADC_MspInit
 .text.HAL_InitTick
                0x0000000008001460       0xb0 Core/Src/stm32f1xx_hal_timebase_tim.o
                0x0000000008001460                HAL_InitTick
 .text.NMI_Handler
                0x0000000008001510        0xc Core/Src/stm32f1xx_it.o
                0x0000000008001510                NMI_Handler
 .text.HardFault_Handler
                0x000000000800151c        0x6 Core/Src/stm32f1xx_it.o
                0x000000000800151c                HardFault_Handler
 .text.MemManage_Handler
                0x0000000008001522        0x6 Core/Src/stm32f1xx_it.o
                0x0000000008001522                MemManage_Handler
 .text.BusFault_Handler
                0x0000000008001528        0x6 Core/Src/stm32f1xx_it.o
                0x0000000008001528                BusFault_Handler
 .text.UsageFault_Handler
                0x000000000800152e        0x6 Core/Src/stm32f1xx_it.o
                0x000000000800152e                UsageFault_Handler
 .text.DebugMon_Handler
                0x0000000008001534        0xc Core/Src/stm32f1xx_it.o
                0x0000000008001534                DebugMon_Handler
 .text.DMA1_Channel1_IRQHandler
                0x0000000008001540       0x14 Core/Src/stm32f1xx_it.o
                0x0000000008001540                DMA1_Channel1_IRQHandler
 .text.USB_LP_CAN1_RX0_IRQHandler
                0x0000000008001554       0x14 Core/Src/stm32f1xx_it.o
                0x0000000008001554                USB_LP_CAN1_RX0_IRQHandler
 .text.TIM4_IRQHandler
                0x0000000008001568       0x14 Core/Src/stm32f1xx_it.o
                0x0000000008001568                TIM4_IRQHandler
 .text.SystemInit
                0x000000000800157c       0x68 Core/Src/system_stm32f1xx.o
                0x000000000800157c                SystemInit
 .text.Reset_Handler
                0x00000000080015e4       0x48 Core/Startup/startup_stm32f103c8tx.o
                0x00000000080015e4                Reset_Handler
 .text.Default_Handler
                0x000000000800162c        0x2 Core/Startup/startup_stm32f103c8tx.o
                0x000000000800162c                RTC_Alarm_IRQHandler
                0x000000000800162c                EXTI2_IRQHandler
                0x000000000800162c                TIM1_CC_IRQHandler
                0x000000000800162c                PVD_IRQHandler
                0x000000000800162c                EXTI3_IRQHandler
                0x000000000800162c                EXTI0_IRQHandler
                0x000000000800162c                I2C2_EV_IRQHandler
                0x000000000800162c                ADC1_2_IRQHandler
                0x000000000800162c                SPI1_IRQHandler
                0x000000000800162c                TAMPER_IRQHandler
                0x000000000800162c                DMA1_Channel4_IRQHandler
                0x000000000800162c                USART3_IRQHandler
                0x000000000800162c                RTC_IRQHandler
                0x000000000800162c                DMA1_Channel7_IRQHandler
                0x000000000800162c                CAN1_RX1_IRQHandler
                0x000000000800162c                I2C1_EV_IRQHandler
                0x000000000800162c                DMA1_Channel6_IRQHandler
                0x000000000800162c                TIM3_IRQHandler
                0x000000000800162c                RCC_IRQHandler
                0x000000000800162c                TIM1_TRG_COM_IRQHandler
                0x000000000800162c                Default_Handler
                0x000000000800162c                EXTI15_10_IRQHandler
                0x000000000800162c                EXTI9_5_IRQHandler
                0x000000000800162c                SPI2_IRQHandler
                0x000000000800162c                DMA1_Channel5_IRQHandler
                0x000000000800162c                EXTI4_IRQHandler
                0x000000000800162c                USB_HP_CAN1_TX_IRQHandler
                0x000000000800162c                DMA1_Channel3_IRQHandler
                0x000000000800162c                TIM1_UP_IRQHandler
                0x000000000800162c                WWDG_IRQHandler
                0x000000000800162c                TIM2_IRQHandler
                0x000000000800162c                TIM1_BRK_IRQHandler
                0x000000000800162c                EXTI1_IRQHandler
                0x000000000800162c                USART2_IRQHandler
                0x000000000800162c                I2C2_ER_IRQHandler
                0x000000000800162c                DMA1_Channel2_IRQHandler
                0x000000000800162c                CAN1_SCE_IRQHandler
                0x000000000800162c                FLASH_IRQHandler
                0x000000000800162c                USART1_IRQHandler
                0x000000000800162c                I2C1_ER_IRQHandler
                0x000000000800162c                USBWakeUp_IRQHandler
 *fill*         0x000000000800162e        0x2 
 .text.HAL_Init
                0x0000000008001630       0x2c Drivers/STM32F1xx_HAL_Driver/Src/stm32f1xx_hal.o
                0x0000000008001630                HAL_Init
 .text.HAL_IncTick
                0x000000000800165c       0x24 Drivers/STM32F1xx_HAL_Driver/Src/stm32f1xx_hal.o
                0x000000000800165c                HAL_IncTick
 .text.HAL_GetTick
                0x0000000008001680       0x14 Drivers/STM32F1xx_HAL_Driver/Src/stm32f1xx_hal.o
                0x0000000008001680                HAL_GetTick
 .text.HAL_Delay
                0x0000000008001694       0x44 Drivers/STM32F1xx_HAL_Driver/Src/stm32f1xx_hal.o
                0x0000000008001694                HAL_Delay
 .text.HAL_ADC_Init
                0x00000000080016d8      0x1b0 Drivers/STM32F1xx_HAL_Driver/Src/stm32f1xx_hal_adc.o
                0x00000000080016d8                HAL_ADC_Init
 .text.HAL_ADC_Start_DMA
                0x0000000008001888      0x1bc Drivers/STM32F1xx_HAL_Driver/Src/stm32f1xx_hal_adc.o
                0x0000000008001888                HAL_ADC_Start_DMA
 .text.HAL_ADC_ConvCpltCallback
                0x0000000008001a44       0x12 Drivers/STM32F1xx_HAL_Driver/Src/stm32f1xx_hal_adc.o
                0x0000000008001a44                HAL_ADC_ConvCpltCallback
 .text.HAL_ADC_ConvHalfCpltCallback
                0x0000000008001a56       0x12 Drivers/STM32F1xx_HAL_Driver/Src/stm32f1xx_hal_adc.o
                0x0000000008001a56                HAL_ADC_ConvHalfCpltCallback
 .text.HAL_ADC_ErrorCallback
                0x0000000008001a68       0x12 Drivers/STM32F1xx_HAL_Driver/Src/stm32f1xx_hal_adc.o
                0x0000000008001a68                HAL_ADC_ErrorCallback
 *fill*         0x0000000008001a7a        0x2 
 .text.HAL_ADC_ConfigChannel
                0x0000000008001a7c      0x1f0 Drivers/STM32F1xx_HAL_Driver/Src/stm32f1xx_hal_adc.o
                0x0000000008001a7c                HAL_ADC_ConfigChannel
 .text.ADC_Enable
                0x0000000008001c6c       0xa4 Drivers/STM32F1xx_HAL_Driver/Src/stm32f1xx_hal_adc.o
                0x0000000008001c6c                ADC_Enable
 .text.ADC_ConversionStop_Disable
                0x0000000008001d10       0x74 Drivers/STM32F1xx_HAL_Driver/Src/stm32f1xx_hal_adc.o
                0x0000000008001d10                ADC_ConversionStop_Disable
 .text.ADC_DMAConvCplt
                0x0000000008001d84       0x7c Drivers/STM32F1xx_HAL_Driver/Src/stm32f1xx_hal_adc.o
                0x0000000008001d84                ADC_DMAConvCplt
 .text.ADC_DMAHalfConvCplt
                0x0000000008001e00       0x1c Drivers/STM32F1xx_HAL_Driver/Src/stm32f1xx_hal_adc.o
                0x0000000008001e00                ADC_DMAHalfConvCplt
 .text.ADC_DMAError
                0x0000000008001e1c       0x34 Drivers/STM32F1xx_HAL_Driver/Src/stm32f1xx_hal_adc.o
                0x0000000008001e1c                ADC_DMAError
 .text.__NVIC_SetPriorityGrouping
                0x0000000008001e50       0x48 Drivers/STM32F1xx_HAL_Driver/Src/stm32f1xx_hal_cortex.o
 .text.__NVIC_GetPriorityGrouping
                0x0000000008001e98       0x1c Drivers/STM32F1xx_HAL_Driver/Src/stm32f1xx_hal_cortex.o
 .text.__NVIC_EnableIRQ
                0x0000000008001eb4       0x38 Drivers/STM32F1xx_HAL_Driver/Src/stm32f1xx_hal_cortex.o
 .text.__NVIC_SetPriority
                0x0000000008001eec       0x54 Drivers/STM32F1xx_HAL_Driver/Src/stm32f1xx_hal_cortex.o
 .text.NVIC_EncodePriority
                0x0000000008001f40       0x64 Drivers/STM32F1xx_HAL_Driver/Src/stm32f1xx_hal_cortex.o
 .text.HAL_NVIC_SetPriorityGrouping
                0x0000000008001fa4       0x16 Drivers/STM32F1xx_HAL_Driver/Src/stm32f1xx_hal_cortex.o
                0x0000000008001fa4                HAL_NVIC_SetPriorityGrouping
 .text.HAL_NVIC_SetPriority
                0x0000000008001fba       0x38 Drivers/STM32F1xx_HAL_Driver/Src/stm32f1xx_hal_cortex.o
                0x0000000008001fba                HAL_NVIC_SetPriority
 .text.HAL_NVIC_EnableIRQ
                0x0000000008001ff2       0x1c Drivers/STM32F1xx_HAL_Driver/Src/stm32f1xx_hal_cortex.o
                0x0000000008001ff2                HAL_NVIC_EnableIRQ
 *fill*         0x000000000800200e        0x2 
 .text.HAL_DMA_Init
                0x0000000008002010       0xb4 Drivers/STM32F1xx_HAL_Driver/Src/stm32f1xx_hal_dma.o
                0x0000000008002010                HAL_DMA_Init
 .text.HAL_DMA_Start_IT
                0x00000000080020c4       0xbe Drivers/STM32F1xx_HAL_Driver/Src/stm32f1xx_hal_dma.o
                0x00000000080020c4                HAL_DMA_Start_IT
 *fill*         0x0000000008002182        0x2 
 .text.HAL_DMA_IRQHandler
                0x0000000008002184      0x20c Drivers/STM32F1xx_HAL_Driver/Src/stm32f1xx_hal_dma.o
                0x0000000008002184                HAL_DMA_IRQHandler
 .text.DMA_SetConfig
                0x0000000008002390       0x5a Drivers/STM32F1xx_HAL_Driver/Src/stm32f1xx_hal_dma.o
 *fill*         0x00000000080023ea        0x2 
 .text.HAL_GPIO_Init
                0x00000000080023ec      0x2b4 Drivers/STM32F1xx_HAL_Driver/Src/stm32f1xx_hal_gpio.o
                0x00000000080023ec                HAL_GPIO_Init
 .text.HAL_GPIO_ReadPin
                0x00000000080026a0       0x2e Drivers/STM32F1xx_HAL_Driver/Src/stm32f1xx_hal_gpio.o
                0x00000000080026a0                HAL_GPIO_ReadPin
 .text.HAL_GPIO_WritePin
                0x00000000080026ce       0x30 Drivers/STM32F1xx_HAL_Driver/Src/stm32f1xx_hal_gpio.o
                0x00000000080026ce                HAL_GPIO_WritePin
 .text.HAL_PCD_Init
                0x00000000080026fe      0x1c2 Drivers/STM32F1xx_HAL_Driver/Src/stm32f1xx_hal_pcd.o
                0x00000000080026fe                HAL_PCD_Init
 .text.HAL_PCD_Start
                0x00000000080028c0       0x4c Drivers/STM32F1xx_HAL_Driver/Src/stm32f1xx_hal_pcd.o
                0x00000000080028c0                HAL_PCD_Start
 .text.HAL_PCD_IRQHandler
                0x000000000800290c      0x21c Drivers/STM32F1xx_HAL_Driver/Src/stm32f1xx_hal_pcd.o
                0x000000000800290c                HAL_PCD_IRQHandler
 .text.HAL_PCD_SetAddress
                0x0000000008002b28       0x4a Drivers/STM32F1xx_HAL_Driver/Src/stm32f1xx_hal_pcd.o
                0x0000000008002b28                HAL_PCD_SetAddress
 .text.HAL_PCD_EP_Open
                0x0000000008002b72       0xc0 Drivers/STM32F1xx_HAL_Driver/Src/stm32f1xx_hal_pcd.o
                0x0000000008002b72                HAL_PCD_EP_Open
 .text.HAL_PCD_EP_Close
                0x0000000008002c32       0x84 Drivers/STM32F1xx_HAL_Driver/Src/stm32f1xx_hal_pcd.o
                0x0000000008002c32                HAL_PCD_EP_Close
 .text.HAL_PCD_EP_Receive
                0x0000000008002cb6       0x74 Drivers/STM32F1xx_HAL_Driver/Src/stm32f1xx_hal_pcd.o
                0x0000000008002cb6                HAL_PCD_EP_Receive
 .text.HAL_PCD_EP_GetRxCount
                0x0000000008002d2a       0x28 Drivers/STM32F1xx_HAL_Driver/Src/stm32f1xx_hal_pcd.o
                0x0000000008002d2a                HAL_PCD_EP_GetRxCount
 .text.HAL_PCD_EP_Transmit
                0x0000000008002d52       0x72 Drivers/STM32F1xx_HAL_Driver/Src/stm32f1xx_hal_pcd.o
                0x0000000008002d52                HAL_PCD_EP_Transmit
 .text.HAL_PCD_EP_SetStall
                0x0000000008002dc4       0xb4 Drivers/STM32F1xx_HAL_Driver/Src/stm32f1xx_hal_pcd.o
                0x0000000008002dc4                HAL_PCD_EP_SetStall
 .text.HAL_PCD_EP_ClrStall
                0x0000000008002e78       0x9c Drivers/STM32F1xx_HAL_Driver/Src/stm32f1xx_hal_pcd.o
                0x0000000008002e78                HAL_PCD_EP_ClrStall
 .text.PCD_EP_ISR_Handler
                0x0000000008002f14      0x534 Drivers/STM32F1xx_HAL_Driver/Src/stm32f1xx_hal_pcd.o
 .text.HAL_PCDEx_PMAConfig
                0x0000000008003448       0x78 Drivers/STM32F1xx_HAL_Driver/Src/stm32f1xx_hal_pcd_ex.o
                0x0000000008003448                HAL_PCDEx_PMAConfig
 .text.HAL_RCC_OscConfig
                0x00000000080034c0      0x500 Drivers/STM32F1xx_HAL_Driver/Src/stm32f1xx_hal_rcc.o
                0x00000000080034c0                HAL_RCC_OscConfig
 .text.HAL_RCC_ClockConfig
                0x00000000080039c0      0x1d4 Drivers/STM32F1xx_HAL_Driver/Src/stm32f1xx_hal_rcc.o
                0x00000000080039c0                HAL_RCC_ClockConfig
 .text.HAL_RCC_GetSysClockFreq
                0x0000000008003b94       0xc4 Drivers/STM32F1xx_HAL_Driver/Src/stm32f1xx_hal_rcc.o
                0x0000000008003b94                HAL_RCC_GetSysClockFreq
 .text.HAL_RCC_GetHCLKFreq
                0x0000000008003c58       0x14 Drivers/STM32F1xx_HAL_Driver/Src/stm32f1xx_hal_rcc.o
                0x0000000008003c58                HAL_RCC_GetHCLKFreq
 .text.HAL_RCC_GetPCLK1Freq
                0x0000000008003c6c       0x28 Drivers/STM32F1xx_HAL_Driver/Src/stm32f1xx_hal_rcc.o
                0x0000000008003c6c                HAL_RCC_GetPCLK1Freq
 .text.HAL_RCC_GetClockConfig
                0x0000000008003c94       0x60 Drivers/STM32F1xx_HAL_Driver/Src/stm32f1xx_hal_rcc.o
                0x0000000008003c94                HAL_RCC_GetClockConfig
 .text.RCC_Delay
                0x0000000008003cf4       0x3c Drivers/STM32F1xx_HAL_Driver/Src/stm32f1xx_hal_rcc.o
 .text.HAL_RCCEx_PeriphCLKConfig
                0x0000000008003d30      0x16c Drivers/STM32F1xx_HAL_Driver/Src/stm32f1xx_hal_rcc_ex.o
                0x0000000008003d30                HAL_RCCEx_PeriphCLKConfig
 .text.HAL_TIM_Base_Init
                0x0000000008003e9c       0x56 Drivers/STM32F1xx_HAL_Driver/Src/stm32f1xx_hal_tim.o
                0x0000000008003e9c                HAL_TIM_Base_Init
 .text.HAL_TIM_Base_MspInit
                0x0000000008003ef2       0x12 Drivers/STM32F1xx_HAL_Driver/Src/stm32f1xx_hal_tim.o
                0x0000000008003ef2                HAL_TIM_Base_MspInit
 .text.HAL_TIM_Base_Start_IT
                0x0000000008003f04       0x46 Drivers/STM32F1xx_HAL_Driver/Src/stm32f1xx_hal_tim.o
                0x0000000008003f04                HAL_TIM_Base_Start_IT
 .text.HAL_TIM_IRQHandler
                0x0000000008003f4a      0x210 Drivers/STM32F1xx_HAL_Driver/Src/stm32f1xx_hal_tim.o
                0x0000000008003f4a                HAL_TIM_IRQHandler
 .text.HAL_TIM_OC_DelayElapsedCallback
                0x000000000800415a       0x12 Drivers/STM32F1xx_HAL_Driver/Src/stm32f1xx_hal_tim.o
                0x000000000800415a                HAL_TIM_OC_DelayElapsedCallback
 .text.HAL_TIM_IC_CaptureCallback
                0x000000000800416c       0x12 Drivers/STM32F1xx_HAL_Driver/Src/stm32f1xx_hal_tim.o
                0x000000000800416c                HAL_TIM_IC_CaptureCallback
 .text.HAL_TIM_PWM_PulseFinishedCallback
                0x000000000800417e       0x12 Drivers/STM32F1xx_HAL_Driver/Src/stm32f1xx_hal_tim.o
                0x000000000800417e                HAL_TIM_PWM_PulseFinishedCallback
 .text.HAL_TIM_TriggerCallback
                0x0000000008004190       0x12 Drivers/STM32F1xx_HAL_Driver/Src/stm32f1xx_hal_tim.o
                0x0000000008004190                HAL_TIM_TriggerCallback
 *fill*         0x00000000080041a2        0x2 
 .text.TIM_Base_SetConfig
                0x00000000080041a4       0xc4 Drivers/STM32F1xx_HAL_Driver/Src/stm32f1xx_hal_tim.o
                0x00000000080041a4                TIM_Base_SetConfig
 .text.HAL_TIMEx_CommutCallback
                0x0000000008004268       0x12 Drivers/STM32F1xx_HAL_Driver/Src/stm32f1xx_hal_tim_ex.o
                0x0000000008004268                HAL_TIMEx_CommutCallback
 .text.HAL_TIMEx_BreakCallback
                0x000000000800427a       0x12 Drivers/STM32F1xx_HAL_Driver/Src/stm32f1xx_hal_tim_ex.o
                0x000000000800427a                HAL_TIMEx_BreakCallback
 .text.USB_CoreInit
                0x000000000800428c       0x20 Drivers/STM32F1xx_HAL_Driver/Src/stm32f1xx_ll_usb.o
                0x000000000800428c                USB_CoreInit
 .text.USB_EnableGlobalInt
                0x00000000080042ac       0x2e Drivers/STM32F1xx_HAL_Driver/Src/stm32f1xx_ll_usb.o
                0x00000000080042ac                USB_EnableGlobalInt
 .text.USB_DisableGlobalInt
                0x00000000080042da       0x38 Drivers/STM32F1xx_HAL_Driver/Src/stm32f1xx_ll_usb.o
                0x00000000080042da                USB_DisableGlobalInt
 .text.USB_SetCurrentMode
                0x0000000008004312       0x18 Drivers/STM32F1xx_HAL_Driver/Src/stm32f1xx_ll_usb.o
                0x0000000008004312                USB_SetCurrentMode
 .text.USB_DevInit
                0x000000000800432a       0x48 Drivers/STM32F1xx_HAL_Driver/Src/stm32f1xx_ll_usb.o
                0x000000000800432a                USB_DevInit
 *fill*         0x0000000008004372        0x2 
 .text.USB_ActivateEndpoint
                0x0000000008004374      0x5dc Drivers/STM32F1xx_HAL_Driver/Src/stm32f1xx_ll_usb.o
                0x0000000008004374                USB_ActivateEndpoint
 .text.USB_DeactivateEndpoint
                0x0000000008004950      0x32c Drivers/STM32F1xx_HAL_Driver/Src/stm32f1xx_ll_usb.o
                0x0000000008004950                USB_DeactivateEndpoint
 .text.USB_EPStartXfer
                0x0000000008004c7c      0x570 Drivers/STM32F1xx_HAL_Driver/Src/stm32f1xx_ll_usb.o
                0x0000000008004c7c                USB_EPStartXfer
 .text.USB_EPSetStall
                0x00000000080051ec       0x84 Drivers/STM32F1xx_HAL_Driver/Src/stm32f1xx_ll_usb.o
                0x00000000080051ec                USB_EPSetStall
 .text.USB_EPClearStall
                0x0000000008005270      0x128 Drivers/STM32F1xx_HAL_Driver/Src/stm32f1xx_ll_usb.o
                0x0000000008005270                USB_EPClearStall
 .text.USB_SetDevAddress
                0x0000000008005398       0x26 Drivers/STM32F1xx_HAL_Driver/Src/stm32f1xx_ll_usb.o
                0x0000000008005398                USB_SetDevAddress
 .text.USB_DevConnect
                0x00000000080053be       0x14 Drivers/STM32F1xx_HAL_Driver/Src/stm32f1xx_ll_usb.o
                0x00000000080053be                USB_DevConnect
 .text.USB_DevDisconnect
                0x00000000080053d2       0x14 Drivers/STM32F1xx_HAL_Driver/Src/stm32f1xx_ll_usb.o
                0x00000000080053d2                USB_DevDisconnect
 .text.USB_ReadInterrupts
                0x00000000080053e6       0x1e Drivers/STM32F1xx_HAL_Driver/Src/stm32f1xx_ll_usb.o
                0x00000000080053e6                USB_ReadInterrupts
 .text.USB_EP0_OutStart
                0x0000000008005404       0x16 Drivers/STM32F1xx_HAL_Driver/Src/stm32f1xx_ll_usb.o
                0x0000000008005404                USB_EP0_OutStart
 .text.USB_WritePMA
                0x000000000800541a       0x88 Drivers/STM32F1xx_HAL_Driver/Src/stm32f1xx_ll_usb.o
                0x000000000800541a                USB_WritePMA
 .text.USB_ReadPMA
                0x00000000080054a2       0x9e Drivers/STM32F1xx_HAL_Driver/Src/stm32f1xx_ll_usb.o
                0x00000000080054a2                USB_ReadPMA
 .text.USBD_CDC_Init
                0x0000000008005540       0xf4 Middlewares/ST/STM32_USB_Device_Library/Class/CDC/Src/usbd_cdc.o
 .text.USBD_CDC_DeInit
                0x0000000008005634       0x6e Middlewares/ST/STM32_USB_Device_Library/Class/CDC/Src/usbd_cdc.o
 .text.USBD_CDC_Setup
                0x00000000080056a2      0x140 Middlewares/ST/STM32_USB_Device_Library/Class/CDC/Src/usbd_cdc.o
 .text.USBD_CDC_DataIn
                0x00000000080057e2       0xa0 Middlewares/ST/STM32_USB_Device_Library/Class/CDC/Src/usbd_cdc.o
 .text.USBD_CDC_DataOut
                0x0000000008005882       0x56 Middlewares/ST/STM32_USB_Device_Library/Class/CDC/Src/usbd_cdc.o
 .text.USBD_CDC_EP0_RxReady
                0x00000000080058d8       0x50 Middlewares/ST/STM32_USB_Device_Library/Class/CDC/Src/usbd_cdc.o
 .text.USBD_CDC_GetFSCfgDesc
                0x0000000008005928       0x20 Middlewares/ST/STM32_USB_Device_Library/Class/CDC/Src/usbd_cdc.o
 .text.USBD_CDC_GetHSCfgDesc
                0x0000000008005948       0x20 Middlewares/ST/STM32_USB_Device_Library/Class/CDC/Src/usbd_cdc.o
 .text.USBD_CDC_GetOtherSpeedCfgDesc
                0x0000000008005968       0x20 Middlewares/ST/STM32_USB_Device_Library/Class/CDC/Src/usbd_cdc.o
 .text.USBD_CDC_GetDeviceQualifierDescriptor
                0x0000000008005988       0x20 Middlewares/ST/STM32_USB_Device_Library/Class/CDC/Src/usbd_cdc.o
                0x0000000008005988                USBD_CDC_GetDeviceQualifierDescriptor
 .text.USBD_CDC_RegisterInterface
                0x00000000080059a8       0x2c Middlewares/ST/STM32_USB_Device_Library/Class/CDC/Src/usbd_cdc.o
                0x00000000080059a8                USBD_CDC_RegisterInterface
 .text.USBD_CDC_SetTxBuffer
                0x00000000080059d4       0x32 Middlewares/ST/STM32_USB_Device_Library/Class/CDC/Src/usbd_cdc.o
                0x00000000080059d4                USBD_CDC_SetTxBuffer
 .text.USBD_CDC_SetRxBuffer
                0x0000000008005a06       0x26 Middlewares/ST/STM32_USB_Device_Library/Class/CDC/Src/usbd_cdc.o
                0x0000000008005a06                USBD_CDC_SetRxBuffer
 .text.USBD_CDC_ReceivePacket
                0x0000000008005a2c       0x54 Middlewares/ST/STM32_USB_Device_Library/Class/CDC/Src/usbd_cdc.o
                0x0000000008005a2c                USBD_CDC_ReceivePacket
 .text.USBD_Init
                0x0000000008005a80       0x56 Middlewares/ST/STM32_USB_Device_Library/Core/Src/usbd_core.o
                0x0000000008005a80                USBD_Init
 .text.USBD_RegisterClass
                0x0000000008005ad6       0x32 Middlewares/ST/STM32_USB_Device_Library/Core/Src/usbd_core.o
                0x0000000008005ad6                USBD_RegisterClass
 .text.USBD_Start
                0x0000000008005b08       0x18 Middlewares/ST/STM32_USB_Device_Library/Core/Src/usbd_core.o
                0x0000000008005b08                USBD_Start
 .text.USBD_RunTestMode
                0x0000000008005b20       0x14 Middlewares/ST/STM32_USB_Device_Library/Core/Src/usbd_core.o
                0x0000000008005b20                USBD_RunTestMode
 .text.USBD_SetClassConfig
                0x0000000008005b34       0x3e Middlewares/ST/STM32_USB_Device_Library/Core/Src/usbd_core.o
                0x0000000008005b34                USBD_SetClassConfig
 .text.USBD_ClrClassConfig
                0x0000000008005b72       0x26 Middlewares/ST/STM32_USB_Device_Library/Core/Src/usbd_core.o
                0x0000000008005b72                USBD_ClrClassConfig
 .text.USBD_LL_SetupStage
                0x0000000008005b98       0x96 Middlewares/ST/STM32_USB_Device_Library/Core/Src/usbd_core.o
                0x0000000008005b98                USBD_LL_SetupStage
 .text.USBD_LL_DataOutStage
                0x0000000008005c2e       0xe2 Middlewares/ST/STM32_USB_Device_Library/Core/Src/usbd_core.o
                0x0000000008005c2e                USBD_LL_DataOutStage
 .text.USBD_LL_DataInStage
                0x0000000008005d10      0x14a Middlewares/ST/STM32_USB_Device_Library/Core/Src/usbd_core.o
                0x0000000008005d10                USBD_LL_DataInStage
 .text.USBD_LL_Reset
                0x0000000008005e5a       0x82 Middlewares/ST/STM32_USB_Device_Library/Core/Src/usbd_core.o
                0x0000000008005e5a                USBD_LL_Reset
 .text.USBD_LL_SetSpeed
                0x0000000008005edc       0x1e Middlewares/ST/STM32_USB_Device_Library/Core/Src/usbd_core.o
                0x0000000008005edc                USBD_LL_SetSpeed
 .text.USBD_LL_Suspend
                0x0000000008005efa       0x28 Middlewares/ST/STM32_USB_Device_Library/Core/Src/usbd_core.o
                0x0000000008005efa                USBD_LL_Suspend
 .text.USBD_LL_Resume
                0x0000000008005f22       0x2a Middlewares/ST/STM32_USB_Device_Library/Core/Src/usbd_core.o
                0x0000000008005f22                USBD_LL_Resume
 .text.USBD_LL_SOF
                0x0000000008005f4c       0x34 Middlewares/ST/STM32_USB_Device_Library/Core/Src/usbd_core.o
                0x0000000008005f4c                USBD_LL_SOF
 .text.USBD_StdDevReq
                0x0000000008005f80       0xd4 Middlewares/ST/STM32_USB_Device_Library/Core/Src/usbd_ctlreq.o
                0x0000000008005f80                USBD_StdDevReq
 .text.USBD_StdItfReq
                0x0000000008006054       0x8c Middlewares/ST/STM32_USB_Device_Library/Core/Src/usbd_ctlreq.o
                0x0000000008006054                USBD_StdItfReq
 .text.USBD_StdEPReq
                0x00000000080060e0      0x2ba Middlewares/ST/STM32_USB_Device_Library/Core/Src/usbd_ctlreq.o
                0x00000000080060e0                USBD_StdEPReq
 *fill*         0x000000000800639a        0x2 
 .text.USBD_GetDescriptor
                0x000000000800639c      0x2d0 Middlewares/ST/STM32_USB_Device_Library/Core/Src/usbd_ctlreq.o
 .text.USBD_SetAddress
                0x000000000800666c       0x84 Middlewares/ST/STM32_USB_Device_Library/Core/Src/usbd_ctlreq.o
 .text.USBD_SetConfig
                0x00000000080066f0      0x11c Middlewares/ST/STM32_USB_Device_Library/Core/Src/usbd_ctlreq.o
 .text.USBD_GetConfig
                0x000000000800680c       0x68 Middlewares/ST/STM32_USB_Device_Library/Core/Src/usbd_ctlreq.o
 .text.USBD_GetStatus
                0x0000000008006874       0x66 Middlewares/ST/STM32_USB_Device_Library/Core/Src/usbd_ctlreq.o
 .text.USBD_SetFeature
                0x00000000080068da       0x28 Middlewares/ST/STM32_USB_Device_Library/Core/Src/usbd_ctlreq.o
 .text.USBD_ClrFeature
                0x0000000008006902       0x42 Middlewares/ST/STM32_USB_Device_Library/Core/Src/usbd_ctlreq.o
 .text.USBD_ParseSetupRequest
                0x0000000008006944       0x78 Middlewares/ST/STM32_USB_Device_Library/Core/Src/usbd_ctlreq.o
                0x0000000008006944                USBD_ParseSetupRequest
 .text.USBD_CtlError
                0x00000000080069bc       0x22 Middlewares/ST/STM32_USB_Device_Library/Core/Src/usbd_ctlreq.o
                0x00000000080069bc                USBD_CtlError
 .text.USBD_GetString
                0x00000000080069de       0x84 Middlewares/ST/STM32_USB_Device_Library/Core/Src/usbd_ctlreq.o
                0x00000000080069de                USBD_GetString
 .text.USBD_GetLen
                0x0000000008006a62       0x2e Middlewares/ST/STM32_USB_Device_Library/Core/Src/usbd_ctlreq.o
 .text.USBD_CtlSendData
                0x0000000008006a90       0x38 Middlewares/ST/STM32_USB_Device_Library/Core/Src/usbd_ioreq.o
                0x0000000008006a90                USBD_CtlSendData
 .text.USBD_CtlContinueSendData
                0x0000000008006ac8       0x24 Middlewares/ST/STM32_USB_Device_Library/Core/Src/usbd_ioreq.o
                0x0000000008006ac8                USBD_CtlContinueSendData
 .text.USBD_CtlPrepareRx
                0x0000000008006aec       0x3c Middlewares/ST/STM32_USB_Device_Library/Core/Src/usbd_ioreq.o
                0x0000000008006aec                USBD_CtlPrepareRx
 .text.USBD_CtlContinueRx
                0x0000000008006b28       0x24 Middlewares/ST/STM32_USB_Device_Library/Core/Src/usbd_ioreq.o
                0x0000000008006b28                USBD_CtlContinueRx
 .text.USBD_CtlSendStatus
                0x0000000008006b4c       0x26 Middlewares/ST/STM32_USB_Device_Library/Core/Src/usbd_ioreq.o
                0x0000000008006b4c                USBD_CtlSendStatus
 .text.USBD_CtlReceiveStatus
                0x0000000008006b72       0x26 Middlewares/ST/STM32_USB_Device_Library/Core/Src/usbd_ioreq.o
                0x0000000008006b72                USBD_CtlReceiveStatus
 .text.makeFreeRtosPriority
                0x0000000008006b98       0x2e Middlewares/Third_Party/FreeRTOS/Source/CMSIS_RTOS/cmsis_os.o
 .text.osKernelStart
                0x0000000008006bc6        0xe Middlewares/Third_Party/FreeRTOS/Source/CMSIS_RTOS/cmsis_os.o
                0x0000000008006bc6                osKernelStart
 .text.osThreadCreate
                0x0000000008006bd4       0x98 Middlewares/Third_Party/FreeRTOS/Source/CMSIS_RTOS/cmsis_os.o
                0x0000000008006bd4                osThreadCreate
 .text.osDelay  0x0000000008006c6c       0x28 Middlewares/Third_Party/FreeRTOS/Source/CMSIS_RTOS/cmsis_os.o
                0x0000000008006c6c                osDelay
 .text.vListInitialise
                0x0000000008006c94       0x3e Middlewares/Third_Party/FreeRTOS/Source/list.o
                0x0000000008006c94                vListInitialise
 .text.vListInitialiseItem
                0x0000000008006cd2       0x18 Middlewares/Third_Party/FreeRTOS/Source/list.o
                0x0000000008006cd2                vListInitialiseItem
 .text.vListInsertEnd
                0x0000000008006cea       0x46 Middlewares/Third_Party/FreeRTOS/Source/list.o
                0x0000000008006cea                vListInsertEnd
 .text.vListInsert
                0x0000000008006d30       0x70 Middlewares/Third_Party/FreeRTOS/Source/list.o
                0x0000000008006d30                vListInsert
 .text.uxListRemove
                0x0000000008006da0       0x52 Middlewares/Third_Party/FreeRTOS/Source/list.o
                0x0000000008006da0                uxListRemove
 .text.xTaskCreateStatic
                0x0000000008006df2       0xb2 Middlewares/Third_Party/FreeRTOS/Source/tasks.o
                0x0000000008006df2                xTaskCreateStatic
 .text.xTaskCreate
                0x0000000008006ea4       0x8a Middlewares/Third_Party/FreeRTOS/Source/tasks.o
                0x0000000008006ea4                xTaskCreate
 .text.prvInitialiseNewTask
                0x0000000008006f2e       0xfc Middlewares/Third_Party/FreeRTOS/Source/tasks.o
 *fill*         0x000000000800702a        0x2 
 .text.prvAddNewTaskToReadyList
                0x000000000800702c       0xd4 Middlewares/Third_Party/FreeRTOS/Source/tasks.o
 .text.vTaskDelay
                0x0000000008007100       0x68 Middlewares/Third_Party/FreeRTOS/Source/tasks.o
                0x0000000008007100                vTaskDelay
 .text.vTaskStartScheduler
                0x0000000008007168       0xbc Middlewares/Third_Party/FreeRTOS/Source/tasks.o
                0x0000000008007168                vTaskStartScheduler
 .text.vTaskSuspendAll
                0x0000000008007224       0x1c Middlewares/Third_Party/FreeRTOS/Source/tasks.o
                0x0000000008007224                vTaskSuspendAll
 .text.xTaskResumeAll
                0x0000000008007240      0x138 Middlewares/Third_Party/FreeRTOS/Source/tasks.o
                0x0000000008007240                xTaskResumeAll
 .text.xTaskIncrementTick
                0x0000000008007378      0x178 Middlewares/Third_Party/FreeRTOS/Source/tasks.o
                0x0000000008007378                xTaskIncrementTick
 .text.vTaskSwitchContext
                0x00000000080074f0       0xb4 Middlewares/Third_Party/FreeRTOS/Source/tasks.o
                0x00000000080074f0                vTaskSwitchContext
 .text.prvIdleTask
                0x00000000080075a4       0x30 Middlewares/Third_Party/FreeRTOS/Source/tasks.o
 .text.prvInitialiseTaskLists
                0x00000000080075d4       0x80 Middlewares/Third_Party/FreeRTOS/Source/tasks.o
 .text.prvCheckTasksWaitingTermination
                0x0000000008007654       0x58 Middlewares/Third_Party/FreeRTOS/Source/tasks.o
 .text.prvDeleteTCB
                0x00000000080076ac       0x5c Middlewares/Third_Party/FreeRTOS/Source/tasks.o
 .text.prvResetNextTaskUnblockTime
                0x0000000008007708       0x48 Middlewares/Third_Party/FreeRTOS/Source/tasks.o
 .text.prvAddCurrentTaskToDelayedList
                0x0000000008007750       0xcc Middlewares/Third_Party/FreeRTOS/Source/tasks.o
 .text.pxPortInitialiseStack
                0x000000000800781c       0x58 Middlewares/Third_Party/FreeRTOS/Source/portable/GCC/ARM_CM3/port.o
                0x000000000800781c                pxPortInitialiseStack
 .text.prvTaskExitError
                0x0000000008007874       0x50 Middlewares/Third_Party/FreeRTOS/Source/portable/GCC/ARM_CM3/port.o
 *fill*         0x00000000080078c4        0xc 
 .text.SVC_Handler
                0x00000000080078d0       0x28 Middlewares/Third_Party/FreeRTOS/Source/portable/GCC/ARM_CM3/port.o
                0x00000000080078d0                SVC_Handler
 .text.prvPortStartFirstTask
                0x00000000080078f8       0x20 Middlewares/Third_Party/FreeRTOS/Source/portable/GCC/ARM_CM3/port.o
 .text.xPortStartScheduler
                0x0000000008007918       0xe0 Middlewares/Third_Party/FreeRTOS/Source/portable/GCC/ARM_CM3/port.o
                0x0000000008007918                xPortStartScheduler
 .text.vPortEnterCritical
                0x00000000080079f8       0x5c Middlewares/Third_Party/FreeRTOS/Source/portable/GCC/ARM_CM3/port.o
                0x00000000080079f8                vPortEnterCritical
 .text.vPortExitCritical
                0x0000000008007a54       0x4c Middlewares/Third_Party/FreeRTOS/Source/portable/GCC/ARM_CM3/port.o
                0x0000000008007a54                vPortExitCritical
 .text.PendSV_Handler
                0x0000000008007aa0       0x48 Middlewares/Third_Party/FreeRTOS/Source/portable/GCC/ARM_CM3/port.o
                0x0000000008007aa0                PendSV_Handler
 .text.SysTick_Handler
                0x0000000008007ae8       0x40 Middlewares/Third_Party/FreeRTOS/Source/portable/GCC/ARM_CM3/port.o
                0x0000000008007ae8                SysTick_Handler
 .text.vPortSetupTimerInterrupt
                0x0000000008007b28       0x44 Middlewares/Third_Party/FreeRTOS/Source/portable/GCC/ARM_CM3/port.o
                0x0000000008007b28                vPortSetupTimerInterrupt
 .text.pvPortMalloc
                0x0000000008007b6c      0x184 Middlewares/Third_Party/FreeRTOS/Source/portable/MemMang/heap_4.o
                0x0000000008007b6c                pvPortMalloc
 .text.vPortFree
                0x0000000008007cf0       0xb0 Middlewares/Third_Party/FreeRTOS/Source/portable/MemMang/heap_4.o
                0x0000000008007cf0                vPortFree
 .text.prvHeapInit
                0x0000000008007da0       0xc4 Middlewares/Third_Party/FreeRTOS/Source/portable/MemMang/heap_4.o
 .text.prvInsertBlockIntoFreeList
                0x0000000008007e64       0xb0 Middlewares/Third_Party/FreeRTOS/Source/portable/MemMang/heap_4.o
 .text.MX_USB_DEVICE_Init
                0x0000000008007f14       0x60 USB_DEVICE/App/usb_device.o
                0x0000000008007f14                MX_USB_DEVICE_Init
 .text.CDC_Init_FS
                0x0000000008007f74       0x28 USB_DEVICE/App/usbd_cdc_if.o
 .text.CDC_DeInit_FS
                0x0000000008007f9c        0xe USB_DEVICE/App/usbd_cdc_if.o
 *fill*         0x0000000008007faa        0x2 
 .text.CDC_Control_FS
                0x0000000008007fac       0xbc USB_DEVICE/App/usbd_cdc_if.o
 .text.CDC_Receive_FS
                0x0000000008008068       0x28 USB_DEVICE/App/usbd_cdc_if.o
 .text.USBD_FS_DeviceDescriptor
                0x0000000008008090       0x24 USB_DEVICE/App/usbd_desc.o
                0x0000000008008090                USBD_FS_DeviceDescriptor
 .text.USBD_FS_LangIDStrDescriptor
                0x00000000080080b4       0x24 USB_DEVICE/App/usbd_desc.o
                0x00000000080080b4                USBD_FS_LangIDStrDescriptor
 .text.USBD_FS_ProductStrDescriptor
                0x00000000080080d8       0x3c USB_DEVICE/App/usbd_desc.o
                0x00000000080080d8                USBD_FS_ProductStrDescriptor
 .text.USBD_FS_ManufacturerStrDescriptor
                0x0000000008008114       0x28 USB_DEVICE/App/usbd_desc.o
                0x0000000008008114                USBD_FS_ManufacturerStrDescriptor
 .text.USBD_FS_SerialStrDescriptor
                0x000000000800813c       0x24 USB_DEVICE/App/usbd_desc.o
                0x000000000800813c                USBD_FS_SerialStrDescriptor
 .text.USBD_FS_ConfigStrDescriptor
                0x0000000008008160       0x3c USB_DEVICE/App/usbd_desc.o
                0x0000000008008160                USBD_FS_ConfigStrDescriptor
 .text.USBD_FS_InterfaceStrDescriptor
                0x000000000800819c       0x3c USB_DEVICE/App/usbd_desc.o
                0x000000000800819c                USBD_FS_InterfaceStrDescriptor
 .text.Get_SerialNum
                0x00000000080081d8       0x58 USB_DEVICE/App/usbd_desc.o
 .text.IntToUnicode
                0x0000000008008230       0x7a USB_DEVICE/App/usbd_desc.o
 *fill*         0x00000000080082aa        0x2 
 .text.HAL_PCD_MspInit
                0x00000000080082ac       0x4c USB_DEVICE/Target/usbd_conf.o
                0x00000000080082ac                HAL_PCD_MspInit
 .text.HAL_PCD_SetupStageCallback
                0x00000000080082f8       0x24 USB_DEVICE/Target/usbd_conf.o
                0x00000000080082f8                HAL_PCD_SetupStageCallback
 .text.HAL_PCD_DataOutStageCallback
                0x000000000800831c       0x30 USB_DEVICE/Target/usbd_conf.o
                0x000000000800831c                HAL_PCD_DataOutStageCallback
 .text.HAL_PCD_DataInStageCallback
                0x000000000800834c       0x2e USB_DEVICE/Target/usbd_conf.o
                0x000000000800834c                HAL_PCD_DataInStageCallback
 .text.HAL_PCD_SOFCallback
                0x000000000800837a       0x1c USB_DEVICE/Target/usbd_conf.o
                0x000000000800837a                HAL_PCD_SOFCallback
 .text.HAL_PCD_ResetCallback
                0x0000000008008396       0x3c USB_DEVICE/Target/usbd_conf.o
                0x0000000008008396                HAL_PCD_ResetCallback
 *fill*         0x00000000080083d2        0x2 
 .text.HAL_PCD_SuspendCallback
                0x00000000080083d4       0x34 USB_DEVICE/Target/usbd_conf.o
                0x00000000080083d4                HAL_PCD_SuspendCallback
 .text.HAL_PCD_ResumeCallback
                0x0000000008008408       0x1c USB_DEVICE/Target/usbd_conf.o
                0x0000000008008408                HAL_PCD_ResumeCallback
 .text.USBD_LL_Init
                0x0000000008008424       0xb4 USB_DEVICE/Target/usbd_conf.o
                0x0000000008008424                USBD_LL_Init
 .text.USBD_LL_Start
                0x00000000080084d8       0x36 USB_DEVICE/Target/usbd_conf.o
                0x00000000080084d8                USBD_LL_Start
 .text.USBD_LL_OpenEP
                0x000000000800850e       0x4c USB_DEVICE/Target/usbd_conf.o
                0x000000000800850e                USBD_LL_OpenEP
 .text.USBD_LL_CloseEP
                0x000000000800855a       0x3e USB_DEVICE/Target/usbd_conf.o
                0x000000000800855a                USBD_LL_CloseEP
 .text.USBD_LL_StallEP
                0x0000000008008598       0x3e USB_DEVICE/Target/usbd_conf.o
                0x0000000008008598                USBD_LL_StallEP
 .text.USBD_LL_ClearStallEP
                0x00000000080085d6       0x3e USB_DEVICE/Target/usbd_conf.o
                0x00000000080085d6                USBD_LL_ClearStallEP
 .text.USBD_LL_IsStallEP
                0x0000000008008614       0x4a USB_DEVICE/Target/usbd_conf.o
                0x0000000008008614                USBD_LL_IsStallEP
 .text.USBD_LL_SetUSBAddress
                0x000000000800865e       0x3e USB_DEVICE/Target/usbd_conf.o
                0x000000000800865e                USBD_LL_SetUSBAddress
 .text.USBD_LL_Transmit
                0x000000000800869c       0x46 USB_DEVICE/Target/usbd_conf.o
                0x000000000800869c                USBD_LL_Transmit
 .text.USBD_LL_PrepareReceive
                0x00000000080086e2       0x46 USB_DEVICE/Target/usbd_conf.o
                0x00000000080086e2                USBD_LL_PrepareReceive
 .text.USBD_LL_GetRxDataSize
                0x0000000008008728       0x26 USB_DEVICE/Target/usbd_conf.o
                0x0000000008008728                USBD_LL_GetRxDataSize
 *fill*         0x000000000800874e        0x2 
 .text.USBD_static_malloc
                0x0000000008008750       0x18 USB_DEVICE/Target/usbd_conf.o
                0x0000000008008750                USBD_static_malloc
 .text.USBD_static_free
                0x0000000008008768       0x12 USB_DEVICE/Target/usbd_conf.o
                0x0000000008008768                USBD_static_free
 .text.HAL_PCDEx_SetConnectionState
                0x000000000800877a       0x16 USB_DEVICE/Target/usbd_conf.o
                0x000000000800877a                HAL_PCDEx_SetConnectionState
 .text.USBD_Get_USB_Status
                0x0000000008008790       0x58 USB_DEVICE/Target/usbd_conf.o
 .text.__libc_init_array
                0x00000000080087e8       0x48 c:/st/stm32cubeide_1.3.0/stm32cubeide/plugins/com.st.stm32cube.ide.mcu.externaltools.gnu-tools-for-stm32.7-2018-q2-update.win32_1.4.0.202007081208/tools/bin/../lib/gcc/arm-none-eabi/7.3.1/../../../../arm-none-eabi/lib/thumb/v7-m\libc_nano.a(lib_a-init.o)
                0x00000000080087e8                __libc_init_array
 .text.memset   0x0000000008008830       0x10 c:/st/stm32cubeide_1.3.0/stm32cubeide/plugins/com.st.stm32cube.ide.mcu.externaltools.gnu-tools-for-stm32.7-2018-q2-update.win32_1.4.0.202007081208/tools/bin/../lib/gcc/arm-none-eabi/7.3.1/../../../../arm-none-eabi/lib/thumb/v7-m\libc_nano.a(lib_a-memset.o)
                0x0000000008008830                memset
 *(.glue_7)
 .glue_7        0x0000000008008840        0x0 linker stubs
 *(.glue_7t)
 .glue_7t       0x0000000008008840        0x0 linker stubs
 *(.eh_frame)
 .eh_frame      0x0000000008008840        0x0 c:/st/stm32cubeide_1.3.0/stm32cubeide/plugins/com.st.stm32cube.ide.mcu.externaltools.gnu-tools-for-stm32.7-2018-q2-update.win32_1.4.0.202007081208/tools/bin/../lib/gcc/arm-none-eabi/7.3.1/thumb/v7-m/crtbegin.o
 *(.init)
 .init          0x0000000008008840        0x4 c:/st/stm32cubeide_1.3.0/stm32cubeide/plugins/com.st.stm32cube.ide.mcu.externaltools.gnu-tools-for-stm32.7-2018-q2-update.win32_1.4.0.202007081208/tools/bin/../lib/gcc/arm-none-eabi/7.3.1/thumb/v7-m/crti.o
                0x0000000008008840                _init
 .init          0x0000000008008844        0x8 c:/st/stm32cubeide_1.3.0/stm32cubeide/plugins/com.st.stm32cube.ide.mcu.externaltools.gnu-tools-for-stm32.7-2018-q2-update.win32_1.4.0.202007081208/tools/bin/../lib/gcc/arm-none-eabi/7.3.1/thumb/v7-m/crtn.o
 *(.fini)
 .fini          0x000000000800884c        0x4 c:/st/stm32cubeide_1.3.0/stm32cubeide/plugins/com.st.stm32cube.ide.mcu.externaltools.gnu-tools-for-stm32.7-2018-q2-update.win32_1.4.0.202007081208/tools/bin/../lib/gcc/arm-none-eabi/7.3.1/thumb/v7-m/crti.o
                0x000000000800884c                _fini
 .fini          0x0000000008008850        0x8 c:/st/stm32cubeide_1.3.0/stm32cubeide/plugins/com.st.stm32cube.ide.mcu.externaltools.gnu-tools-for-stm32.7-2018-q2-update.win32_1.4.0.202007081208/tools/bin/../lib/gcc/arm-none-eabi/7.3.1/thumb/v7-m/crtn.o
                0x0000000008008858                . = ALIGN (0x4)
                0x0000000008008858                _etext = .

.vfp11_veneer   0x0000000008008858        0x0
 .vfp11_veneer  0x0000000008008858        0x0 linker stubs

.v4_bx          0x0000000008008858        0x0
 .v4_bx         0x0000000008008858        0x0 linker stubs

.iplt           0x0000000008008858        0x0
 .iplt          0x0000000008008858        0x0 c:/st/stm32cubeide_1.3.0/stm32cubeide/plugins/com.st.stm32cube.ide.mcu.externaltools.gnu-tools-for-stm32.7-2018-q2-update.win32_1.4.0.202007081208/tools/bin/../lib/gcc/arm-none-eabi/7.3.1/thumb/v7-m/crtbegin.o

.rodata         0x0000000008008858      0x6c0
                0x0000000008008858                . = ALIGN (0x4)
 *(.rodata)
 .rodata        0x0000000008008858       0x34 Core/Src/main.o
 .rodata        0x000000000800888c       0x40 Core/Src/pong.o
 .rodata        0x00000000080088cc       0x12 Drivers/STM32F1xx_HAL_Driver/Src/stm32f1xx_hal_rcc.o
 *fill*         0x00000000080088de        0x2 
 .rodata        0x00000000080088e0        0x5 Middlewares/Third_Party/FreeRTOS/Source/tasks.o
 *fill*         0x00000000080088e5        0x3 
 .rodata        0x00000000080088e8       0x46 USB_DEVICE/App/usbd_desc.o
 *(.rodata*)
 *fill*         0x000000000800892e        0x2 
 .rodata.ASCII  0x0000000008008930      0x1e0 Core/Src/NOKIA5110.o
 .rodata.game_over
                0x0000000008008b10      0x1f8 Core/Src/pong.o
                0x0000000008008b10                game_over
 .rodata.game_won
                0x0000000008008d08      0x1f8 Core/Src/pong.o
                0x0000000008008d08                game_won
 .rodata.AHBPrescTable
                0x0000000008008f00       0x10 Core/Src/system_stm32f1xx.o
                0x0000000008008f00                AHBPrescTable
 .rodata.APBPrescTable
                0x0000000008008f10        0x8 Core/Src/system_stm32f1xx.o
                0x0000000008008f10                APBPrescTable
                0x0000000008008f18                . = ALIGN (0x4)

.rel.dyn        0x0000000008008f18        0x0
 .rel.iplt      0x0000000008008f18        0x0 c:/st/stm32cubeide_1.3.0/stm32cubeide/plugins/com.st.stm32cube.ide.mcu.externaltools.gnu-tools-for-stm32.7-2018-q2-update.win32_1.4.0.202007081208/tools/bin/../lib/gcc/arm-none-eabi/7.3.1/thumb/v7-m/crtbegin.o

.ARM.extab      0x0000000008008f18        0x0
                0x0000000008008f18                . = ALIGN (0x4)
 *(.ARM.extab* .gnu.linkonce.armextab.*)
                0x0000000008008f18                . = ALIGN (0x4)

.ARM            0x0000000008008f18        0x0
                0x0000000008008f18                . = ALIGN (0x4)
                0x0000000008008f18                __exidx_start = .
 *(.ARM.exidx*)
                0x0000000008008f18                __exidx_end = .
                0x0000000008008f18                . = ALIGN (0x4)

.preinit_array  0x0000000008008f18        0x0
                0x0000000008008f18                . = ALIGN (0x4)
                0x0000000008008f18                PROVIDE (__preinit_array_start = .)
 *(.preinit_array*)
                0x0000000008008f18                PROVIDE (__preinit_array_end = .)
                0x0000000008008f18                . = ALIGN (0x4)

.init_array     0x0000000008008f18        0x4
                0x0000000008008f18                . = ALIGN (0x4)
                0x0000000008008f18                PROVIDE (__init_array_start = .)
 *(SORT_BY_NAME(.init_array.*))
 *(.init_array*)
 .init_array    0x0000000008008f18        0x4 c:/st/stm32cubeide_1.3.0/stm32cubeide/plugins/com.st.stm32cube.ide.mcu.externaltools.gnu-tools-for-stm32.7-2018-q2-update.win32_1.4.0.202007081208/tools/bin/../lib/gcc/arm-none-eabi/7.3.1/thumb/v7-m/crtbegin.o
                0x0000000008008f1c                PROVIDE (__init_array_end = .)
                0x0000000008008f1c                . = ALIGN (0x4)

.fini_array     0x0000000008008f1c        0x4
                0x0000000008008f1c                . = ALIGN (0x4)
                [!provide]                        PROVIDE (__fini_array_start = .)
 *(SORT_BY_NAME(.fini_array.*))
 *(.fini_array*)
 .fini_array    0x0000000008008f1c        0x4 c:/st/stm32cubeide_1.3.0/stm32cubeide/plugins/com.st.stm32cube.ide.mcu.externaltools.gnu-tools-for-stm32.7-2018-q2-update.win32_1.4.0.202007081208/tools/bin/../lib/gcc/arm-none-eabi/7.3.1/thumb/v7-m/crtbegin.o
                [!provide]                        PROVIDE (__fini_array_end = .)
                0x0000000008008f20                . = ALIGN (0x4)
                0x0000000008008f20                _sidata = LOADADDR (.data)

.data           0x0000000020000000      0x180 load address 0x0000000008008f20
                0x0000000020000000                . = ALIGN (0x4)
                0x0000000020000000                _sdata = .
 *(.data)
 *(.data*)
 .data.SystemCoreClock
                0x0000000020000000        0x4 Core/Src/system_stm32f1xx.o
                0x0000000020000000                SystemCoreClock
 .data.uwTickPrio
                0x0000000020000004        0x4 Drivers/STM32F1xx_HAL_Driver/Src/stm32f1xx_hal.o
                0x0000000020000004                uwTickPrio
 .data.uwTickFreq
                0x0000000020000008        0x1 Drivers/STM32F1xx_HAL_Driver/Src/stm32f1xx_hal.o
                0x0000000020000008                uwTickFreq
 *fill*         0x0000000020000009        0x3 
 .data.USBD_CDC_DeviceQualifierDesc
                0x000000002000000c        0xa Middlewares/ST/STM32_USB_Device_Library/Class/CDC/Src/usbd_cdc.o
 *fill*         0x0000000020000016        0x2 
 .data.USBD_CDC
                0x0000000020000018       0x38 Middlewares/ST/STM32_USB_Device_Library/Class/CDC/Src/usbd_cdc.o
                0x0000000020000018                USBD_CDC
 .data.USBD_CDC_CfgHSDesc
                0x0000000020000050       0x43 Middlewares/ST/STM32_USB_Device_Library/Class/CDC/Src/usbd_cdc.o
                0x0000000020000050                USBD_CDC_CfgHSDesc
 *fill*         0x0000000020000093        0x1 
 .data.USBD_CDC_CfgFSDesc
                0x0000000020000094       0x43 Middlewares/ST/STM32_USB_Device_Library/Class/CDC/Src/usbd_cdc.o
                0x0000000020000094                USBD_CDC_CfgFSDesc
 *fill*         0x00000000200000d7        0x1 
 .data.USBD_CDC_OtherSpeedCfgDesc
                0x00000000200000d8       0x43 Middlewares/ST/STM32_USB_Device_Library/Class/CDC/Src/usbd_cdc.o
                0x00000000200000d8                USBD_CDC_OtherSpeedCfgDesc
 *fill*         0x000000002000011b        0x1 
 .data.uxCriticalNesting
                0x000000002000011c        0x4 Middlewares/Third_Party/FreeRTOS/Source/portable/GCC/ARM_CM3/port.o
 .data.USBD_Interface_fops_FS
                0x0000000020000120       0x10 USB_DEVICE/App/usbd_cdc_if.o
                0x0000000020000120                USBD_Interface_fops_FS
 .data.FS_Desc  0x0000000020000130       0x1c USB_DEVICE/App/usbd_desc.o
                0x0000000020000130                FS_Desc
 .data.USBD_FS_DeviceDesc
                0x000000002000014c       0x12 USB_DEVICE/App/usbd_desc.o
                0x000000002000014c                USBD_FS_DeviceDesc
 *fill*         0x000000002000015e        0x2 
 .data.USBD_LangIDDesc
                0x0000000020000160        0x4 USB_DEVICE/App/usbd_desc.o
                0x0000000020000160                USBD_LangIDDesc
 .data.USBD_StringSerial
                0x0000000020000164       0x1a USB_DEVICE/App/usbd_desc.o
                0x0000000020000164                USBD_StringSerial
                0x0000000020000180                . = ALIGN (0x4)
 *fill*         0x000000002000017e        0x2 
                0x0000000020000180                _edata = .

.igot.plt       0x0000000020000180        0x0 load address 0x00000000080090a0
 .igot.plt      0x0000000020000180        0x0 c:/st/stm32cubeide_1.3.0/stm32cubeide/plugins/com.st.stm32cube.ide.mcu.externaltools.gnu-tools-for-stm32.7-2018-q2-update.win32_1.4.0.202007081208/tools/bin/../lib/gcc/arm-none-eabi/7.3.1/thumb/v7-m/crtbegin.o
                0x0000000020000180                . = ALIGN (0x4)

.bss            0x0000000020000180     0x2404 load address 0x00000000080090a0
                0x0000000020000180                _sbss = .
                0x0000000020000180                __bss_start__ = _sbss
 *(.bss)
 .bss           0x0000000020000180       0x1c c:/st/stm32cubeide_1.3.0/stm32cubeide/plugins/com.st.stm32cube.ide.mcu.externaltools.gnu-tools-for-stm32.7-2018-q2-update.win32_1.4.0.202007081208/tools/bin/../lib/gcc/arm-none-eabi/7.3.1/thumb/v7-m/crtbegin.o
 *(.bss*)
 .bss.fb        0x000000002000019c      0x1f8 Core/Src/NOKIA5110.o
 .bss.indice_fb
                0x0000000020000394        0x4 Core/Src/NOKIA5110.o
 .bss.xIdleTaskTCBBuffer
                0x0000000020000398       0x54 Core/Src/freertos.o
 .bss.xIdleStack
                0x00000000200003ec      0x200 Core/Src/freertos.o
 .bss.var       0x00000000200005ec        0x4 Core/Src/main.o
 .bss.pontoa    0x00000000200005f0       0x18 Core/Src/main.o
 .bss.pontob    0x0000000020000608       0x18 Core/Src/main.o
 .bss.ball      0x0000000020000620       0x18 Core/Src/main.o
 .bss.jogadores
                0x0000000020000638       0x20 Core/Src/main.o
 .bss.cfgidx.8255
                0x0000000020000658        0x1 Middlewares/ST/STM32_USB_Device_Library/Core/Src/usbd_ctlreq.o
 *fill*         0x0000000020000659        0x3 
 .bss.pxCurrentTCB
                0x000000002000065c        0x4 Middlewares/Third_Party/FreeRTOS/Source/tasks.o
                0x000000002000065c                pxCurrentTCB
 .bss.pxReadyTasksLists
                0x0000000020000660       0x8c Middlewares/Third_Party/FreeRTOS/Source/tasks.o
 .bss.xDelayedTaskList1
                0x00000000200006ec       0x14 Middlewares/Third_Party/FreeRTOS/Source/tasks.o
 .bss.xDelayedTaskList2
                0x0000000020000700       0x14 Middlewares/Third_Party/FreeRTOS/Source/tasks.o
 .bss.pxDelayedTaskList
                0x0000000020000714        0x4 Middlewares/Third_Party/FreeRTOS/Source/tasks.o
 .bss.pxOverflowDelayedTaskList
                0x0000000020000718        0x4 Middlewares/Third_Party/FreeRTOS/Source/tasks.o
 .bss.xPendingReadyList
                0x000000002000071c       0x14 Middlewares/Third_Party/FreeRTOS/Source/tasks.o
 .bss.xTasksWaitingTermination
                0x0000000020000730       0x14 Middlewares/Third_Party/FreeRTOS/Source/tasks.o
 .bss.uxDeletedTasksWaitingCleanUp
                0x0000000020000744        0x4 Middlewares/Third_Party/FreeRTOS/Source/tasks.o
 .bss.xSuspendedTaskList
                0x0000000020000748       0x14 Middlewares/Third_Party/FreeRTOS/Source/tasks.o
 .bss.uxCurrentNumberOfTasks
                0x000000002000075c        0x4 Middlewares/Third_Party/FreeRTOS/Source/tasks.o
 .bss.xTickCount
                0x0000000020000760        0x4 Middlewares/Third_Party/FreeRTOS/Source/tasks.o
 .bss.uxTopReadyPriority
                0x0000000020000764        0x4 Middlewares/Third_Party/FreeRTOS/Source/tasks.o
 .bss.xSchedulerRunning
                0x0000000020000768        0x4 Middlewares/Third_Party/FreeRTOS/Source/tasks.o
 .bss.uxPendedTicks
                0x000000002000076c        0x4 Middlewares/Third_Party/FreeRTOS/Source/tasks.o
 .bss.xYieldPending
                0x0000000020000770        0x4 Middlewares/Third_Party/FreeRTOS/Source/tasks.o
 .bss.xNumOfOverflows
                0x0000000020000774        0x4 Middlewares/Third_Party/FreeRTOS/Source/tasks.o
 .bss.uxTaskNumber
                0x0000000020000778        0x4 Middlewares/Third_Party/FreeRTOS/Source/tasks.o
 .bss.xNextTaskUnblockTime
                0x000000002000077c        0x4 Middlewares/Third_Party/FreeRTOS/Source/tasks.o
 .bss.xIdleTaskHandle
                0x0000000020000780        0x4 Middlewares/Third_Party/FreeRTOS/Source/tasks.o
 .bss.uxSchedulerSuspended
                0x0000000020000784        0x4 Middlewares/Third_Party/FreeRTOS/Source/tasks.o
 .bss.ucMaxSysCallPriority
                0x0000000020000788        0x1 Middlewares/Third_Party/FreeRTOS/Source/portable/GCC/ARM_CM3/port.o
 *fill*         0x0000000020000789        0x3 
 .bss.ulMaxPRIGROUPValue
                0x000000002000078c        0x4 Middlewares/Third_Party/FreeRTOS/Source/portable/GCC/ARM_CM3/port.o
 .bss.ucHeap    0x0000000020000790      0xc00 Middlewares/Third_Party/FreeRTOS/Source/portable/MemMang/heap_4.o
 .bss.xStart    0x0000000020001390        0x8 Middlewares/Third_Party/FreeRTOS/Source/portable/MemMang/heap_4.o
 .bss.pxEnd     0x0000000020001398        0x4 Middlewares/Third_Party/FreeRTOS/Source/portable/MemMang/heap_4.o
 .bss.xFreeBytesRemaining
                0x000000002000139c        0x4 Middlewares/Third_Party/FreeRTOS/Source/portable/MemMang/heap_4.o
 .bss.xMinimumEverFreeBytesRemaining
                0x00000000200013a0        0x4 Middlewares/Third_Party/FreeRTOS/Source/portable/MemMang/heap_4.o
 .bss.xBlockAllocatedBit
                0x00000000200013a4        0x4 Middlewares/Third_Party/FreeRTOS/Source/portable/MemMang/heap_4.o
 .bss.mem.8323  0x00000000200013a8      0x220 USB_DEVICE/Target/usbd_conf.o
 *(COMMON)
 COMMON         0x00000000200015c8       0x78 Core/Src/main.o
                0x00000000200015c8                defaultTaskHandle
                0x00000000200015cc                hadc1
                0x00000000200015fc                hdma_adc1
 COMMON         0x0000000020001640       0x40 Core/Src/stm32f1xx_hal_timebase_tim.o
                0x0000000020001640                htim4
 COMMON         0x0000000020001680        0x4 Drivers/STM32F1xx_HAL_Driver/Src/stm32f1xx_hal.o
                0x0000000020001680                uwTick
 COMMON         0x0000000020001684      0x2c4 USB_DEVICE/App/usb_device.o
                0x0000000020001684                hUsbDeviceFS
 COMMON         0x0000000020001948      0x7d0 USB_DEVICE/App/usbd_cdc_if.o
                0x0000000020001948                UserRxBufferFS
                0x0000000020001d30                UserTxBufferFS
 COMMON         0x0000000020002118      0x200 USB_DEVICE/App/usbd_desc.o
                0x0000000020002118                USBD_StrDesc
 COMMON         0x0000000020002318      0x26c USB_DEVICE/Target/usbd_conf.o
                0x0000000020002318                hpcd_USB_FS
                0x0000000020002584                . = ALIGN (0x4)
                0x0000000020002584                _ebss = .
                0x0000000020002584                __bss_end__ = _ebss

._user_heap_stack
                0x0000000020002584      0x604 load address 0x00000000080090a0
                0x0000000020002588                . = ALIGN (0x8)
 *fill*         0x0000000020002584        0x4 
                [!provide]                        PROVIDE (end = .)
                0x0000000020002588                PROVIDE (_end = .)
                0x0000000020002788                . = (. + _Min_Heap_Size)
 *fill*         0x0000000020002588      0x200 
                0x0000000020002b88                . = (. + _Min_Stack_Size)
 *fill*         0x0000000020002788      0x400 
                0x0000000020002b88                . = ALIGN (0x8)

/DISCARD/
 libc.a(*)
 libm.a(*)
 libgcc.a(*)

.ARM.attributes
                0x0000000000000000       0x29
 *(.ARM.attributes)
 .ARM.attributes
                0x0000000000000000       0x1d c:/st/stm32cubeide_1.3.0/stm32cubeide/plugins/com.st.stm32cube.ide.mcu.externaltools.gnu-tools-for-stm32.7-2018-q2-update.win32_1.4.0.202007081208/tools/bin/../lib/gcc/arm-none-eabi/7.3.1/thumb/v7-m/crti.o
 .ARM.attributes
                0x000000000000001d       0x2d c:/st/stm32cubeide_1.3.0/stm32cubeide/plugins/com.st.stm32cube.ide.mcu.externaltools.gnu-tools-for-stm32.7-2018-q2-update.win32_1.4.0.202007081208/tools/bin/../lib/gcc/arm-none-eabi/7.3.1/thumb/v7-m/crtbegin.o
 .ARM.attributes
                0x000000000000004a       0x33 Core/Src/NOKIA5110.o
 .ARM.attributes
                0x000000000000007d       0x33 Core/Src/atraso.o
 .ARM.attributes
                0x00000000000000b0       0x33 Core/Src/freertos.o
 .ARM.attributes
                0x00000000000000e3       0x33 Core/Src/main.o
 .ARM.attributes
                0x0000000000000116       0x33 Core/Src/pong.o
 .ARM.attributes
                0x0000000000000149       0x33 Core/Src/stm32f1xx_hal_msp.o
 .ARM.attributes
                0x000000000000017c       0x33 Core/Src/stm32f1xx_hal_timebase_tim.o
 .ARM.attributes
                0x00000000000001af       0x33 Core/Src/stm32f1xx_it.o
 .ARM.attributes
                0x00000000000001e2       0x33 Core/Src/system_stm32f1xx.o
 .ARM.attributes
                0x0000000000000215       0x21 Core/Startup/startup_stm32f103c8tx.o
 .ARM.attributes
                0x0000000000000236       0x33 Drivers/STM32F1xx_HAL_Driver/Src/stm32f1xx_hal.o
 .ARM.attributes
                0x0000000000000269       0x33 Drivers/STM32F1xx_HAL_Driver/Src/stm32f1xx_hal_adc.o
 .ARM.attributes
                0x000000000000029c       0x33 Drivers/STM32F1xx_HAL_Driver/Src/stm32f1xx_hal_cortex.o
 .ARM.attributes
                0x00000000000002cf       0x33 Drivers/STM32F1xx_HAL_Driver/Src/stm32f1xx_hal_dma.o
 .ARM.attributes
                0x0000000000000302       0x33 Drivers/STM32F1xx_HAL_Driver/Src/stm32f1xx_hal_gpio.o
 .ARM.attributes
                0x0000000000000335       0x33 Drivers/STM32F1xx_HAL_Driver/Src/stm32f1xx_hal_pcd.o
 .ARM.attributes
                0x0000000000000368       0x33 Drivers/STM32F1xx_HAL_Driver/Src/stm32f1xx_hal_pcd_ex.o
 .ARM.attributes
                0x000000000000039b       0x33 Drivers/STM32F1xx_HAL_Driver/Src/stm32f1xx_hal_rcc.o
 .ARM.attributes
                0x00000000000003ce       0x33 Drivers/STM32F1xx_HAL_Driver/Src/stm32f1xx_hal_rcc_ex.o
 .ARM.attributes
                0x0000000000000401       0x33 Drivers/STM32F1xx_HAL_Driver/Src/stm32f1xx_hal_tim.o
 .ARM.attributes
                0x0000000000000434       0x33 Drivers/STM32F1xx_HAL_Driver/Src/stm32f1xx_hal_tim_ex.o
 .ARM.attributes
                0x0000000000000467       0x33 Drivers/STM32F1xx_HAL_Driver/Src/stm32f1xx_ll_usb.o
 .ARM.attributes
                0x000000000000049a       0x33 Middlewares/ST/STM32_USB_Device_Library/Class/CDC/Src/usbd_cdc.o
 .ARM.attributes
                0x00000000000004cd       0x33 Middlewares/ST/STM32_USB_Device_Library/Core/Src/usbd_core.o
 .ARM.attributes
                0x0000000000000500       0x33 Middlewares/ST/STM32_USB_Device_Library/Core/Src/usbd_ctlreq.o
 .ARM.attributes
                0x0000000000000533       0x33 Middlewares/ST/STM32_USB_Device_Library/Core/Src/usbd_ioreq.o
 .ARM.attributes
                0x0000000000000566       0x33 Middlewares/Third_Party/FreeRTOS/Source/CMSIS_RTOS/cmsis_os.o
 .ARM.attributes
                0x0000000000000599       0x33 Middlewares/Third_Party/FreeRTOS/Source/list.o
 .ARM.attributes
                0x00000000000005cc       0x33 Middlewares/Third_Party/FreeRTOS/Source/tasks.o
 .ARM.attributes
                0x00000000000005ff       0x33 Middlewares/Third_Party/FreeRTOS/Source/portable/GCC/ARM_CM3/port.o
 .ARM.attributes
                0x0000000000000632       0x33 Middlewares/Third_Party/FreeRTOS/Source/portable/MemMang/heap_4.o
 .ARM.attributes
                0x0000000000000665       0x33 USB_DEVICE/App/usb_device.o
 .ARM.attributes
                0x0000000000000698       0x33 USB_DEVICE/App/usbd_cdc_if.o
 .ARM.attributes
                0x00000000000006cb       0x33 USB_DEVICE/App/usbd_desc.o
 .ARM.attributes
                0x00000000000006fe       0x33 USB_DEVICE/Target/usbd_conf.o
 .ARM.attributes
                0x0000000000000731       0x2d c:/st/stm32cubeide_1.3.0/stm32cubeide/plugins/com.st.stm32cube.ide.mcu.externaltools.gnu-tools-for-stm32.7-2018-q2-update.win32_1.4.0.202007081208/tools/bin/../lib/gcc/arm-none-eabi/7.3.1/../../../../arm-none-eabi/lib/thumb/v7-m\libc_nano.a(lib_a-init.o)
 .ARM.attributes
                0x000000000000075e       0x2d c:/st/stm32cubeide_1.3.0/stm32cubeide/plugins/com.st.stm32cube.ide.mcu.externaltools.gnu-tools-for-stm32.7-2018-q2-update.win32_1.4.0.202007081208/tools/bin/../lib/gcc/arm-none-eabi/7.3.1/../../../../arm-none-eabi/lib/thumb/v7-m\libc_nano.a(lib_a-memset.o)
 .ARM.attributes
                0x000000000000078b       0x1d c:/st/stm32cubeide_1.3.0/stm32cubeide/plugins/com.st.stm32cube.ide.mcu.externaltools.gnu-tools-for-stm32.7-2018-q2-update.win32_1.4.0.202007081208/tools/bin/../lib/gcc/arm-none-eabi/7.3.1/thumb/v7-m/crtn.o
OUTPUT(Pong com rtos.elf elf32-littlearm)

.debug_info     0x0000000000000000    0x1e74c
 .debug_info    0x0000000000000000     0x1103 Core/Src/NOKIA5110.o
 .debug_info    0x0000000000001103      0x1c9 Core/Src/atraso.o
 .debug_info    0x00000000000012cc      0x334 Core/Src/freertos.o
 .debug_info    0x0000000000001600     0x19c9 Core/Src/main.o
 .debug_info    0x0000000000002fc9      0xd2b Core/Src/pong.o
 .debug_info    0x0000000000003cf4      0x857 Core/Src/stm32f1xx_hal_msp.o
 .debug_info    0x000000000000454b      0x8e8 Core/Src/stm32f1xx_hal_timebase_tim.o
 .debug_info    0x0000000000004e33      0xadc Core/Src/stm32f1xx_it.o
 .debug_info    0x000000000000590f      0x433 Core/Src/system_stm32f1xx.o
 .debug_info    0x0000000000005d42       0x22 Core/Startup/startup_stm32f103c8tx.o
 .debug_info    0x0000000000005d64      0x6fe Drivers/STM32F1xx_HAL_Driver/Src/stm32f1xx_hal.o
 .debug_info    0x0000000000006462      0xc61 Drivers/STM32F1xx_HAL_Driver/Src/stm32f1xx_hal_adc.o
 .debug_info    0x00000000000070c3      0xb46 Drivers/STM32F1xx_HAL_Driver/Src/stm32f1xx_hal_cortex.o
 .debug_info    0x0000000000007c09      0x7a6 Drivers/STM32F1xx_HAL_Driver/Src/stm32f1xx_hal_dma.o
 .debug_info    0x00000000000083af      0x681 Drivers/STM32F1xx_HAL_Driver/Src/stm32f1xx_hal_gpio.o
 .debug_info    0x0000000000008a30      0xe38 Drivers/STM32F1xx_HAL_Driver/Src/stm32f1xx_hal_pcd.o
 .debug_info    0x0000000000009868      0x760 Drivers/STM32F1xx_HAL_Driver/Src/stm32f1xx_hal_pcd_ex.o
 .debug_info    0x0000000000009fc8      0x804 Drivers/STM32F1xx_HAL_Driver/Src/stm32f1xx_hal_rcc.o
 .debug_info    0x000000000000a7cc      0x439 Drivers/STM32F1xx_HAL_Driver/Src/stm32f1xx_hal_rcc_ex.o
 .debug_info    0x000000000000ac05     0x2456 Drivers/STM32F1xx_HAL_Driver/Src/stm32f1xx_hal_tim.o
 .debug_info    0x000000000000d05b     0x1104 Drivers/STM32F1xx_HAL_Driver/Src/stm32f1xx_hal_tim_ex.o
 .debug_info    0x000000000000e15f     0x14f9 Drivers/STM32F1xx_HAL_Driver/Src/stm32f1xx_ll_usb.o
 .debug_info    0x000000000000f658     0x1791 Middlewares/ST/STM32_USB_Device_Library/Class/CDC/Src/usbd_cdc.o
 .debug_info    0x0000000000010de9     0x11c2 Middlewares/ST/STM32_USB_Device_Library/Core/Src/usbd_core.o
 .debug_info    0x0000000000011fab     0x1132 Middlewares/ST/STM32_USB_Device_Library/Core/Src/usbd_ctlreq.o
 .debug_info    0x00000000000130dd      0xf23 Middlewares/ST/STM32_USB_Device_Library/Core/Src/usbd_ioreq.o
 .debug_info    0x0000000000014000     0x1e5d Middlewares/Third_Party/FreeRTOS/Source/CMSIS_RTOS/cmsis_os.o
 .debug_info    0x0000000000015e5d      0xac5 Middlewares/Third_Party/FreeRTOS/Source/list.o
 .debug_info    0x0000000000016922     0x243c Middlewares/Third_Party/FreeRTOS/Source/tasks.o
 .debug_info    0x0000000000018d5e      0x4d2 Middlewares/Third_Party/FreeRTOS/Source/portable/GCC/ARM_CM3/port.o
 .debug_info    0x0000000000019230      0xbea Middlewares/Third_Party/FreeRTOS/Source/portable/MemMang/heap_4.o
 .debug_info    0x0000000000019e1a      0xe6b USB_DEVICE/App/usb_device.o
 .debug_info    0x000000000001ac85     0x102b USB_DEVICE/App/usbd_cdc_if.o
 .debug_info    0x000000000001bcb0      0xd07 USB_DEVICE/App/usbd_desc.o
 .debug_info    0x000000000001c9b7     0x1d95 USB_DEVICE/Target/usbd_conf.o

.debug_abbrev   0x0000000000000000     0x4842
 .debug_abbrev  0x0000000000000000      0x2e9 Core/Src/NOKIA5110.o
 .debug_abbrev  0x00000000000002e9       0xd7 Core/Src/atraso.o
 .debug_abbrev  0x00000000000003c0      0x109 Core/Src/freertos.o
 .debug_abbrev  0x00000000000004c9      0x2c9 Core/Src/main.o
 .debug_abbrev  0x0000000000000792      0x24f Core/Src/pong.o
 .debug_abbrev  0x00000000000009e1      0x18c Core/Src/stm32f1xx_hal_msp.o
 .debug_abbrev  0x0000000000000b6d      0x19d Core/Src/stm32f1xx_hal_timebase_tim.o
 .debug_abbrev  0x0000000000000d0a      0x185 Core/Src/stm32f1xx_it.o
 .debug_abbrev  0x0000000000000e8f      0x134 Core/Src/system_stm32f1xx.o
 .debug_abbrev  0x0000000000000fc3       0x12 Core/Startup/startup_stm32f103c8tx.o
 .debug_abbrev  0x0000000000000fd5      0x1d8 Drivers/STM32F1xx_HAL_Driver/Src/stm32f1xx_hal.o
 .debug_abbrev  0x00000000000011ad      0x1d5 Drivers/STM32F1xx_HAL_Driver/Src/stm32f1xx_hal_adc.o
 .debug_abbrev  0x0000000000001382      0x2d5 Drivers/STM32F1xx_HAL_Driver/Src/stm32f1xx_hal_cortex.o
 .debug_abbrev  0x0000000000001657      0x1fe Drivers/STM32F1xx_HAL_Driver/Src/stm32f1xx_hal_dma.o
 .debug_abbrev  0x0000000000001855      0x1c0 Drivers/STM32F1xx_HAL_Driver/Src/stm32f1xx_hal_gpio.o
 .debug_abbrev  0x0000000000001a15      0x263 Drivers/STM32F1xx_HAL_Driver/Src/stm32f1xx_hal_pcd.o
 .debug_abbrev  0x0000000000001c78      0x188 Drivers/STM32F1xx_HAL_Driver/Src/stm32f1xx_hal_pcd_ex.o
 .debug_abbrev  0x0000000000001e00      0x243 Drivers/STM32F1xx_HAL_Driver/Src/stm32f1xx_hal_rcc.o
 .debug_abbrev  0x0000000000002043      0x175 Drivers/STM32F1xx_HAL_Driver/Src/stm32f1xx_hal_rcc_ex.o
 .debug_abbrev  0x00000000000021b8      0x230 Drivers/STM32F1xx_HAL_Driver/Src/stm32f1xx_hal_tim.o
 .debug_abbrev  0x00000000000023e8      0x21e Drivers/STM32F1xx_HAL_Driver/Src/stm32f1xx_hal_tim_ex.o
 .debug_abbrev  0x0000000000002606      0x1c5 Drivers/STM32F1xx_HAL_Driver/Src/stm32f1xx_ll_usb.o
 .debug_abbrev  0x00000000000027cb      0x2b6 Middlewares/ST/STM32_USB_Device_Library/Class/CDC/Src/usbd_cdc.o
 .debug_abbrev  0x0000000000002a81      0x270 Middlewares/ST/STM32_USB_Device_Library/Core/Src/usbd_core.o
 .debug_abbrev  0x0000000000002cf1      0x2a0 Middlewares/ST/STM32_USB_Device_Library/Core/Src/usbd_ctlreq.o
 .debug_abbrev  0x0000000000002f91      0x1e0 Middlewares/ST/STM32_USB_Device_Library/Core/Src/usbd_ioreq.o
 .debug_abbrev  0x0000000000003171      0x379 Middlewares/Third_Party/FreeRTOS/Source/CMSIS_RTOS/cmsis_os.o
 .debug_abbrev  0x00000000000034ea      0x1cf Middlewares/Third_Party/FreeRTOS/Source/list.o
 .debug_abbrev  0x00000000000036b9      0x338 Middlewares/Third_Party/FreeRTOS/Source/tasks.o
 .debug_abbrev  0x00000000000039f1      0x205 Middlewares/Third_Party/FreeRTOS/Source/portable/GCC/ARM_CM3/port.o
 .debug_abbrev  0x0000000000003bf6      0x29e Middlewares/Third_Party/FreeRTOS/Source/portable/MemMang/heap_4.o
 .debug_abbrev  0x0000000000003e94      0x1be USB_DEVICE/App/usb_device.o
 .debug_abbrev  0x0000000000004052      0x285 USB_DEVICE/App/usbd_cdc_if.o
 .debug_abbrev  0x00000000000042d7      0x290 USB_DEVICE/App/usbd_desc.o
 .debug_abbrev  0x0000000000004567      0x2db USB_DEVICE/Target/usbd_conf.o

.debug_aranges  0x0000000000000000     0x16f8
 .debug_aranges
                0x0000000000000000       0xa0 Core/Src/NOKIA5110.o
 .debug_aranges
                0x00000000000000a0       0x30 Core/Src/atraso.o
 .debug_aranges
                0x00000000000000d0       0x20 Core/Src/freertos.o
 .debug_aranges
                0x00000000000000f0       0x60 Core/Src/main.o
 .debug_aranges
                0x0000000000000150       0x58 Core/Src/pong.o
 .debug_aranges
                0x00000000000001a8       0x30 Core/Src/stm32f1xx_hal_msp.o
 .debug_aranges
                0x00000000000001d8       0x30 Core/Src/stm32f1xx_hal_timebase_tim.o
 .debug_aranges
                0x0000000000000208       0x60 Core/Src/stm32f1xx_it.o
 .debug_aranges
                0x0000000000000268       0x28 Core/Src/system_stm32f1xx.o
 .debug_aranges
                0x0000000000000290       0x28 Core/Startup/startup_stm32f103c8tx.o
 .debug_aranges
                0x00000000000002b8       0xe0 Drivers/STM32F1xx_HAL_Driver/Src/stm32f1xx_hal.o
 .debug_aranges
                0x0000000000000398       0xf0 Drivers/STM32F1xx_HAL_Driver/Src/stm32f1xx_hal_adc.o
 .debug_aranges
                0x0000000000000488      0x100 Drivers/STM32F1xx_HAL_Driver/Src/stm32f1xx_hal_cortex.o
 .debug_aranges
                0x0000000000000588       0x80 Drivers/STM32F1xx_HAL_Driver/Src/stm32f1xx_hal_dma.o
 .debug_aranges
                0x0000000000000608       0x58 Drivers/STM32F1xx_HAL_Driver/Src/stm32f1xx_hal_gpio.o
 .debug_aranges
                0x0000000000000660      0x120 Drivers/STM32F1xx_HAL_Driver/Src/stm32f1xx_hal_pcd.o
 .debug_aranges
                0x0000000000000780       0x38 Drivers/STM32F1xx_HAL_Driver/Src/stm32f1xx_hal_pcd_ex.o
 .debug_aranges
                0x00000000000007b8       0x90 Drivers/STM32F1xx_HAL_Driver/Src/stm32f1xx_hal_rcc.o
 .debug_aranges
                0x0000000000000848       0x30 Drivers/STM32F1xx_HAL_Driver/Src/stm32f1xx_hal_rcc_ex.o
 .debug_aranges
                0x0000000000000878      0x3a8 Drivers/STM32F1xx_HAL_Driver/Src/stm32f1xx_hal_tim.o
 .debug_aranges
                0x0000000000000c20      0x150 Drivers/STM32F1xx_HAL_Driver/Src/stm32f1xx_hal_tim_ex.o
 .debug_aranges
                0x0000000000000d70      0x108 Drivers/STM32F1xx_HAL_Driver/Src/stm32f1xx_ll_usb.o
 .debug_aranges
                0x0000000000000e78       0x90 Middlewares/ST/STM32_USB_Device_Library/Class/CDC/Src/usbd_cdc.o
 .debug_aranges
                0x0000000000000f08       0xb8 Middlewares/ST/STM32_USB_Device_Library/Core/Src/usbd_core.o
 .debug_aranges
                0x0000000000000fc0       0x88 Middlewares/ST/STM32_USB_Device_Library/Core/Src/usbd_ctlreq.o
 .debug_aranges
                0x0000000000001048       0x50 Middlewares/ST/STM32_USB_Device_Library/Core/Src/usbd_ioreq.o
 .debug_aranges
                0x0000000000001098      0x1d8 Middlewares/Third_Party/FreeRTOS/Source/CMSIS_RTOS/cmsis_os.o
 .debug_aranges
                0x0000000000001270       0x40 Middlewares/Third_Party/FreeRTOS/Source/list.o
 .debug_aranges
                0x00000000000012b0      0x1a8 Middlewares/Third_Party/FreeRTOS/Source/tasks.o
 .debug_aranges
                0x0000000000001458       0x78 Middlewares/Third_Party/FreeRTOS/Source/portable/GCC/ARM_CM3/port.o
 .debug_aranges
                0x00000000000014d0       0x50 Middlewares/Third_Party/FreeRTOS/Source/portable/MemMang/heap_4.o
 .debug_aranges
                0x0000000000001520       0x20 USB_DEVICE/App/usb_device.o
 .debug_aranges
                0x0000000000001540       0x40 USB_DEVICE/App/usbd_cdc_if.o
 .debug_aranges
                0x0000000000001580       0x60 USB_DEVICE/App/usbd_desc.o
 .debug_aranges
                0x00000000000015e0      0x118 USB_DEVICE/Target/usbd_conf.o

.debug_ranges   0x0000000000000000     0x14d0
 .debug_ranges  0x0000000000000000       0x90 Core/Src/NOKIA5110.o
 .debug_ranges  0x0000000000000090       0x20 Core/Src/atraso.o
 .debug_ranges  0x00000000000000b0       0x10 Core/Src/freertos.o
 .debug_ranges  0x00000000000000c0       0x50 Core/Src/main.o
 .debug_ranges  0x0000000000000110       0x48 Core/Src/pong.o
 .debug_ranges  0x0000000000000158       0x20 Core/Src/stm32f1xx_hal_msp.o
 .debug_ranges  0x0000000000000178       0x20 Core/Src/stm32f1xx_hal_timebase_tim.o
 .debug_ranges  0x0000000000000198       0x50 Core/Src/stm32f1xx_it.o
 .debug_ranges  0x00000000000001e8       0x18 Core/Src/system_stm32f1xx.o
 .debug_ranges  0x0000000000000200       0x20 Core/Startup/startup_stm32f103c8tx.o
 .debug_ranges  0x0000000000000220       0xd0 Drivers/STM32F1xx_HAL_Driver/Src/stm32f1xx_hal.o
 .debug_ranges  0x00000000000002f0       0xe0 Drivers/STM32F1xx_HAL_Driver/Src/stm32f1xx_hal_adc.o
 .debug_ranges  0x00000000000003d0       0xf0 Drivers/STM32F1xx_HAL_Driver/Src/stm32f1xx_hal_cortex.o
 .debug_ranges  0x00000000000004c0       0x70 Drivers/STM32F1xx_HAL_Driver/Src/stm32f1xx_hal_dma.o
 .debug_ranges  0x0000000000000530       0x48 Drivers/STM32F1xx_HAL_Driver/Src/stm32f1xx_hal_gpio.o
 .debug_ranges  0x0000000000000578      0x110 Drivers/STM32F1xx_HAL_Driver/Src/stm32f1xx_hal_pcd.o
 .debug_ranges  0x0000000000000688       0x28 Drivers/STM32F1xx_HAL_Driver/Src/stm32f1xx_hal_pcd_ex.o
 .debug_ranges  0x00000000000006b0       0x80 Drivers/STM32F1xx_HAL_Driver/Src/stm32f1xx_hal_rcc.o
 .debug_ranges  0x0000000000000730       0x20 Drivers/STM32F1xx_HAL_Driver/Src/stm32f1xx_hal_rcc_ex.o
 .debug_ranges  0x0000000000000750      0x398 Drivers/STM32F1xx_HAL_Driver/Src/stm32f1xx_hal_tim.o
 .debug_ranges  0x0000000000000ae8      0x140 Drivers/STM32F1xx_HAL_Driver/Src/stm32f1xx_hal_tim_ex.o
 .debug_ranges  0x0000000000000c28       0xf8 Drivers/STM32F1xx_HAL_Driver/Src/stm32f1xx_ll_usb.o
 .debug_ranges  0x0000000000000d20       0x80 Middlewares/ST/STM32_USB_Device_Library/Class/CDC/Src/usbd_cdc.o
 .debug_ranges  0x0000000000000da0       0xa8 Middlewares/ST/STM32_USB_Device_Library/Core/Src/usbd_core.o
 .debug_ranges  0x0000000000000e48       0x78 Middlewares/ST/STM32_USB_Device_Library/Core/Src/usbd_ctlreq.o
 .debug_ranges  0x0000000000000ec0       0x40 Middlewares/ST/STM32_USB_Device_Library/Core/Src/usbd_ioreq.o
 .debug_ranges  0x0000000000000f00      0x1c8 Middlewares/Third_Party/FreeRTOS/Source/CMSIS_RTOS/cmsis_os.o
 .debug_ranges  0x00000000000010c8       0x30 Middlewares/Third_Party/FreeRTOS/Source/list.o
 .debug_ranges  0x00000000000010f8      0x198 Middlewares/Third_Party/FreeRTOS/Source/tasks.o
 .debug_ranges  0x0000000000001290       0x68 Middlewares/Third_Party/FreeRTOS/Source/portable/GCC/ARM_CM3/port.o
 .debug_ranges  0x00000000000012f8       0x40 Middlewares/Third_Party/FreeRTOS/Source/portable/MemMang/heap_4.o
 .debug_ranges  0x0000000000001338       0x10 USB_DEVICE/App/usb_device.o
 .debug_ranges  0x0000000000001348       0x30 USB_DEVICE/App/usbd_cdc_if.o
 .debug_ranges  0x0000000000001378       0x50 USB_DEVICE/App/usbd_desc.o
 .debug_ranges  0x00000000000013c8      0x108 USB_DEVICE/Target/usbd_conf.o

.debug_macro    0x0000000000000000    0x199c8
 .debug_macro   0x0000000000000000      0x2be Core/Src/NOKIA5110.o
 .debug_macro   0x00000000000002be      0xa5a Core/Src/NOKIA5110.o
 .debug_macro   0x0000000000000d18       0x28 Core/Src/NOKIA5110.o
 .debug_macro   0x0000000000000d40      0x227 Core/Src/NOKIA5110.o
 .debug_macro   0x0000000000000f67       0x2e Core/Src/NOKIA5110.o
 .debug_macro   0x0000000000000f95       0x22 Core/Src/NOKIA5110.o
 .debug_macro   0x0000000000000fb7       0x22 Core/Src/NOKIA5110.o
 .debug_macro   0x0000000000000fd9       0x8e Core/Src/NOKIA5110.o
 .debug_macro   0x0000000000001067       0x51 Core/Src/NOKIA5110.o
 .debug_macro   0x00000000000010b8       0xef Core/Src/NOKIA5110.o
 .debug_macro   0x00000000000011a7       0x6a Core/Src/NOKIA5110.o
 .debug_macro   0x0000000000001211      0x1df Core/Src/NOKIA5110.o
 .debug_macro   0x00000000000013f0       0x1c Core/Src/NOKIA5110.o
 .debug_macro   0x000000000000140c       0x22 Core/Src/NOKIA5110.o
 .debug_macro   0x000000000000142e       0xc3 Core/Src/NOKIA5110.o
 .debug_macro   0x00000000000014f1      0xd23 Core/Src/NOKIA5110.o
 .debug_macro   0x0000000000002214     0xe09e Core/Src/NOKIA5110.o
 .debug_macro   0x00000000000102b2       0x43 Core/Src/NOKIA5110.o
 .debug_macro   0x00000000000102f5      0x174 Core/Src/NOKIA5110.o
 .debug_macro   0x0000000000010469       0x5a Core/Src/NOKIA5110.o
 .debug_macro   0x00000000000104c3      0x5be Core/Src/NOKIA5110.o
 .debug_macro   0x0000000000010a81      0x289 Core/Src/NOKIA5110.o
 .debug_macro   0x0000000000010d0a      0x1cb Core/Src/NOKIA5110.o
 .debug_macro   0x0000000000010ed5      0x114 Core/Src/NOKIA5110.o
 .debug_macro   0x0000000000010fe9      0x1b2 Core/Src/NOKIA5110.o
 .debug_macro   0x000000000001119b       0x27 Core/Src/NOKIA5110.o
 .debug_macro   0x00000000000111c2      0x136 Core/Src/NOKIA5110.o
 .debug_macro   0x00000000000112f8      0x1bc Core/Src/NOKIA5110.o
 .debug_macro   0x00000000000114b4       0x34 Core/Src/NOKIA5110.o
 .debug_macro   0x00000000000114e8       0x3c Core/Src/NOKIA5110.o
 .debug_macro   0x0000000000011524       0x57 Core/Src/NOKIA5110.o
 .debug_macro   0x000000000001157b      0x46a Core/Src/NOKIA5110.o
 .debug_macro   0x00000000000119e5      0x1b5 Core/Src/NOKIA5110.o
 .debug_macro   0x0000000000011b9a       0x88 Core/Src/NOKIA5110.o
 .debug_macro   0x0000000000011c22      0x241 Core/Src/NOKIA5110.o
 .debug_macro   0x0000000000011e63      0x141 Core/Src/NOKIA5110.o
 .debug_macro   0x0000000000011fa4      0x88b Core/Src/NOKIA5110.o
 .debug_macro   0x000000000001282f       0x65 Core/Src/NOKIA5110.o
 .debug_macro   0x0000000000012894      0x249 Core/Src/NOKIA5110.o
 .debug_macro   0x0000000000012add       0x83 Core/Src/NOKIA5110.o
 .debug_macro   0x0000000000012b60       0x4c Core/Src/NOKIA5110.o
 .debug_macro   0x0000000000012bac       0x18 Core/Src/NOKIA5110.o
 .debug_macro   0x0000000000012bc4       0x46 Core/Src/NOKIA5110.o
 .debug_macro   0x0000000000012c0a       0x3c Core/Src/NOKIA5110.o
 .debug_macro   0x0000000000012c46       0x34 Core/Src/NOKIA5110.o
 .debug_macro   0x0000000000012c7a       0x16 Core/Src/NOKIA5110.o
 .debug_macro   0x0000000000012c90       0x35 Core/Src/NOKIA5110.o
 .debug_macro   0x0000000000012cc5       0x52 Core/Src/NOKIA5110.o
 .debug_macro   0x0000000000012d17       0x1f Core/Src/NOKIA5110.o
 .debug_macro   0x0000000000012d36       0x43 Core/Src/NOKIA5110.o
 .debug_macro   0x0000000000012d79       0x20 Core/Src/NOKIA5110.o
 .debug_macro   0x0000000000012d99      0x1a3 Core/Src/NOKIA5110.o
 .debug_macro   0x0000000000012f3c      0x32a Core/Src/NOKIA5110.o
 .debug_macro   0x0000000000013266       0x16 Core/Src/NOKIA5110.o
 .debug_macro   0x000000000001327c       0x29 Core/Src/NOKIA5110.o
 .debug_macro   0x00000000000132a5       0x52 Core/Src/NOKIA5110.o
 .debug_macro   0x00000000000132f7      0x1e7 Core/Src/atraso.o
 .debug_macro   0x00000000000134de      0x23f Core/Src/freertos.o
 .debug_macro   0x000000000001371d       0xd6 Core/Src/freertos.o
 .debug_macro   0x00000000000137f3      0x15a Core/Src/freertos.o
 .debug_macro   0x000000000001394d       0xd7 Core/Src/freertos.o
 .debug_macro   0x0000000000013a24       0x10 Core/Src/freertos.o
 .debug_macro   0x0000000000013a34       0x1f Core/Src/freertos.o
 .debug_macro   0x0000000000013a53      0x4b7 Core/Src/freertos.o
 .debug_macro   0x0000000000013f0a       0xb5 Core/Src/freertos.o
 .debug_macro   0x0000000000013fbf       0x8c Core/Src/freertos.o
 .debug_macro   0x000000000001404b      0x4a2 Core/Src/main.o
 .debug_macro   0x00000000000144ed       0xd6 Core/Src/main.o
 .debug_macro   0x00000000000145c3       0x91 Core/Src/main.o
 .debug_macro   0x0000000000014654       0x8d Core/Src/main.o
 .debug_macro   0x00000000000146e1       0x7e Core/Src/main.o
 .debug_macro   0x000000000001475f       0x19 Core/Src/main.o
 .debug_macro   0x0000000000014778       0xf2 Core/Src/main.o
 .debug_macro   0x000000000001486a       0x16 Core/Src/main.o